
Optional file libmchp_peripheral.a not found

Optional file libmchp_peripheral_32MX130F064B.a not found
Archive member included because of file (symbol)

c:/xc32/xc32_v2.05/v2.05/bin/bin/../../lib/gcc/pic32mx/4.8.3/../../../../pic32mx/lib/mips16\libpic32.a(strlen.o)
                              controller.o (strlen)
c:/xc32/xc32_v2.05/v2.05/bin/bin/../../lib/gcc/pic32mx/4.8.3/../../../../pic32mx/lib/mips16\libpic32.a(default-bootstrap-exception-handler.o)
                              c:/xc32/xc32_v2.05/v2.05/bin/bin/../../lib/gcc/pic32mx/4.8.3/../../../../pic32mx/lib/./proc/32MX130F064B/crt0_mips32r2.o (_bootstrap_exception_handler)
c:/xc32/xc32_v2.05/v2.05/bin/bin/../../lib/gcc/pic32mx/4.8.3/../../../../pic32mx/lib/mips16\libpic32.a(default-on-reset.o)
                              c:/xc32/xc32_v2.05/v2.05/bin/bin/../../lib/gcc/pic32mx/4.8.3/../../../../pic32mx/lib/./proc/32MX130F064B/crt0_mips32r2.o (_on_reset)
c:/xc32/xc32_v2.05/v2.05/bin/bin/../../lib/gcc/pic32mx/4.8.3/../../../../pic32mx/lib/mips16\libpic32.a(default-on-bootstrap.o)
                              c:/xc32/xc32_v2.05/v2.05/bin/bin/../../lib/gcc/pic32mx/4.8.3/../../../../pic32mx/lib/./proc/32MX130F064B/crt0_mips32r2.o (_on_bootstrap)
c:/xc32/xc32_v2.05/v2.05/bin/bin/../../lib/gcc/pic32mx/4.8.3/../../../../pic32mx/lib/mips16\libpic32.a(default-nmi-handler.o)
                              c:/xc32/xc32_v2.05/v2.05/bin/bin/../../lib/gcc/pic32mx/4.8.3/../../../../pic32mx/lib/./proc/32MX130F064B/crt0_mips32r2.o (_nmi_handler)
c:/xc32/xc32_v2.05/v2.05/bin/bin/../../lib/gcc/pic32mx/4.8.3/../../../../pic32mx/lib/mips16\libpic32.a(general-exception.o)
                              c:/xc32/xc32_v2.05/v2.05/bin/bin/../../lib/gcc/pic32mx/4.8.3/../../../../pic32mx/lib/./proc/32MX130F064B/crt0_mips32r2.o (_general_exception_context)
c:/xc32/xc32_v2.05/v2.05/bin/bin/../../lib/gcc/pic32mx/4.8.3/../../../../pic32mx/lib/mips16\libpic32.a(vector0.o)
                              c:/xc32/xc32_v2.05/v2.05/bin/bin/../../lib/gcc/pic32mx/4.8.3/../../../../pic32mx/lib/./proc/32MX130F064B\default_isr_vectors.o (__vector_dispatch_0)
c:/xc32/xc32_v2.05/v2.05/bin/bin/../../lib/gcc/pic32mx/4.8.3/../../../../pic32mx/lib/mips16\libpic32.a(vector1.o)
                              c:/xc32/xc32_v2.05/v2.05/bin/bin/../../lib/gcc/pic32mx/4.8.3/../../../../pic32mx/lib/./proc/32MX130F064B\default_isr_vectors.o (__vector_dispatch_1)
c:/xc32/xc32_v2.05/v2.05/bin/bin/../../lib/gcc/pic32mx/4.8.3/../../../../pic32mx/lib/mips16\libpic32.a(vector2.o)
                              c:/xc32/xc32_v2.05/v2.05/bin/bin/../../lib/gcc/pic32mx/4.8.3/../../../../pic32mx/lib/./proc/32MX130F064B\default_isr_vectors.o (__vector_dispatch_2)
c:/xc32/xc32_v2.05/v2.05/bin/bin/../../lib/gcc/pic32mx/4.8.3/../../../../pic32mx/lib/mips16\libpic32.a(vector3.o)
                              c:/xc32/xc32_v2.05/v2.05/bin/bin/../../lib/gcc/pic32mx/4.8.3/../../../../pic32mx/lib/./proc/32MX130F064B\default_isr_vectors.o (__vector_dispatch_3)
c:/xc32/xc32_v2.05/v2.05/bin/bin/../../lib/gcc/pic32mx/4.8.3/../../../../pic32mx/lib/mips16\libpic32.a(vector5.o)
                              c:/xc32/xc32_v2.05/v2.05/bin/bin/../../lib/gcc/pic32mx/4.8.3/../../../../pic32mx/lib/./proc/32MX130F064B\default_isr_vectors.o (__vector_dispatch_5)
c:/xc32/xc32_v2.05/v2.05/bin/bin/../../lib/gcc/pic32mx/4.8.3/../../../../pic32mx/lib/mips16\libpic32.a(vector6.o)
                              c:/xc32/xc32_v2.05/v2.05/bin/bin/../../lib/gcc/pic32mx/4.8.3/../../../../pic32mx/lib/./proc/32MX130F064B\default_isr_vectors.o (__vector_dispatch_6)
c:/xc32/xc32_v2.05/v2.05/bin/bin/../../lib/gcc/pic32mx/4.8.3/../../../../pic32mx/lib/mips16\libpic32.a(vector7.o)
                              c:/xc32/xc32_v2.05/v2.05/bin/bin/../../lib/gcc/pic32mx/4.8.3/../../../../pic32mx/lib/./proc/32MX130F064B\default_isr_vectors.o (__vector_dispatch_7)
c:/xc32/xc32_v2.05/v2.05/bin/bin/../../lib/gcc/pic32mx/4.8.3/../../../../pic32mx/lib/mips16\libpic32.a(vector8.o)
                              c:/xc32/xc32_v2.05/v2.05/bin/bin/../../lib/gcc/pic32mx/4.8.3/../../../../pic32mx/lib/./proc/32MX130F064B\default_isr_vectors.o (__vector_dispatch_8)
c:/xc32/xc32_v2.05/v2.05/bin/bin/../../lib/gcc/pic32mx/4.8.3/../../../../pic32mx/lib/mips16\libpic32.a(vector9.o)
                              c:/xc32/xc32_v2.05/v2.05/bin/bin/../../lib/gcc/pic32mx/4.8.3/../../../../pic32mx/lib/./proc/32MX130F064B\default_isr_vectors.o (__vector_dispatch_9)
c:/xc32/xc32_v2.05/v2.05/bin/bin/../../lib/gcc/pic32mx/4.8.3/../../../../pic32mx/lib/mips16\libpic32.a(vector10.o)
                              c:/xc32/xc32_v2.05/v2.05/bin/bin/../../lib/gcc/pic32mx/4.8.3/../../../../pic32mx/lib/./proc/32MX130F064B\default_isr_vectors.o (__vector_dispatch_10)
c:/xc32/xc32_v2.05/v2.05/bin/bin/../../lib/gcc/pic32mx/4.8.3/../../../../pic32mx/lib/mips16\libpic32.a(vector11.o)
[...]
Memory Configuration

Name             Origin             Length             Attributes
kseg0_program_mem 0x9d000000         0x0000f000         xr
exception_mem    0x9d00f000         0x00001000
debug_exec_mem   0x9fc00490         0x00000760
kseg0_boot_mem   0x9fc00490         0x00000000
kseg1_boot_mem   0xbfc00000         0x00000490
config3          0xbfc00bf0         0x00000004
config2          0xbfc00bf4         0x00000004
config1          0xbfc00bf8         0x00000004
config0          0xbfc00bfc         0x00000004
kseg1_data_mem   0xa0000000         0x00004000         w !x
sfrs             0xbf800000         0x00100000
configsfrs       0xbfc00bf0         0x00000010
*default*        0x00000000         0xffffffff

Linker script and memory map

LOAD c:/xc32/xc32_v2.05/v2.05/bin/bin/../../lib/gcc/pic32mx/4.8.3/../../../../pic32mx/lib/./proc/32MX130F064B/crt0_mips32r2.o
LOAD c:/xc32/xc32_v2.05/v2.05/bin/bin/../../lib/gcc/pic32mx/4.8.3/../../../../pic32mx/lib/mips16\debug-exception-return.o
LOAD controller.o
LOAD lcd.o
LOAD c:/xc32/xc32_v2.05/v2.05/bin/bin/../../lib/gcc/pic32mx/4.8.3/../../../../pic32mx/lib/./proc/32MX130F064B\default_isr_vectors.o
LOAD c:/xc32/xc32_v2.05/v2.05/bin/bin/../../lib/gcc/pic32mx/4.8.3/../../../../pic32mx/lib/mips16\pic32_software_reset.o
                0x00000400                PROVIDE (_min_stack_size, 0x400)
LOAD c:/xc32/xc32_v2.05/v2.05/bin/bin/../../lib/gcc/pic32mx/4.8.3/../../../../pic32mx/lib/./proc/32MX130F064B\processor.o
START GROUP
LOAD libmchp_peripheral.a
END GROUP
START GROUP
LOAD libmchp_peripheral_32MX130F064B.a
END GROUP
                0x00000001                PROVIDE (_vector_spacing, 0x1)
                0x9d00f000                PROVIDE (_ebase_address, 0x9d00f000)
                0xbfc00000                _RESET_ADDR = 0xbfc00000
                0xbfc00380                _BEV_EXCPT_ADDR = 0xbfc00380
                0xbfc00480                _DBG_EXCPT_ADDR = 0xbfc00480
                0x9fc00490                _DBG_CODE_ADDR = 0x9fc00490
                0x00000760                _DBG_CODE_SIZE = 0x760
                0x9d00f180                _GEN_EXCPT_ADDR = (_ebase_address + 0x180)

.config_BFC00BF0
 *(.config_BFC00BF0)

.config_BFC00BF4
                0xbfc00bf4        0x4
 *(.config_BFC00BF4)
 .config_BFC00BF4
                0xbfc00bf4        0x4 controller.o

.config_BFC00BF8
                0xbfc00bf8        0x4
 *(.config_BFC00BF8)
 .config_BFC00BF8
                0xbfc00bf8        0x4 controller.o

.config_BFC00BFC
 *(.config_BFC00BFC)
                0xbfc02000                PROVIDE (_DBG_CODE_ADDR, 0xbfc02000)
                0x00000ff0                PROVIDE (_DBG_CODE_SIZE, 0xff0)

.reset          0xbfc00000      0x1e4
 *(.reset)
 .reset         0xbfc00000        0x8 c:/xc32/xc32_v2.05/v2.05/bin/bin/../../lib/gcc/pic32mx/4.8.3/../../../../pic32mx/lib/./proc/32MX130F064B/crt0_mips32r2.o
                0xbfc00000                _reset
 *(.reset.startup)
 .reset.startup
                0xbfc00008      0x1dc c:/xc32/xc32_v2.05/v2.05/bin/bin/../../lib/gcc/pic32mx/4.8.3/../../../../pic32mx/lib/./proc/32MX130F064B/crt0_mips32r2.o
                0xbfc00008                _startup

.bev_excpt      0xbfc00380       0x10
 *(.bev_handler)
 .bev_handler   0xbfc00380       0x10 c:/xc32/xc32_v2.05/v2.05/bin/bin/../../lib/gcc/pic32mx/4.8.3/../../../../pic32mx/lib/./proc/32MX130F064B/crt0_mips32r2.o

.dbg_excpt      0xbfc00480        0x0
                0xbfc00480                . = (. + DEFINED (_DEBUGGER)?0x8:0x0)

.dbg_code       0x9fc00490        0x0
                0x9fc00490                . = (. + DEFINED (_DEBUGGER)?_DBG_CODE_SIZE:0x0)

.app_excpt      0x9d00f180       0x10
 *(.gen_handler)
 .gen_handler   0x9d00f180       0x10 c:/xc32/xc32_v2.05/v2.05/bin/bin/../../lib/gcc/pic32mx/4.8.3/../../../../pic32mx/lib/./proc/32MX130F064B/crt0_mips32r2.o

.vector_0       0x9d00f200        0x8
 *(.vector_0)
 .vector_0      0x9d00f200        0x8 c:/xc32/xc32_v2.05/v2.05/bin/bin/../../lib/gcc/pic32mx/4.8.3/../../../../pic32mx/lib/mips16\libpic32.a(vector0.o)
                0x9d00f200                __vector_dispatch_0
                0x00000001                ASSERT (((_vector_spacing == 0x0) || (SIZEOF (.vector_0) <= (_vector_spacing << 0x5))), function at exception vector 0 too large)

.vector_1       0x9d00f220        0x8
 *(.vector_1)
 .vector_1      0x9d00f220        0x8 c:/xc32/xc32_v2.05/v2.05/bin/bin/../../lib/gcc/pic32mx/4.8.3/../../../../pic32mx/lib/mips16\libpic32.a(vector1.o)
                0x9d00f220                __vector_dispatch_1
                0x00000001                ASSERT (((_vector_spacing == 0x0) || (SIZEOF (.vector_1) <= (_vector_spacing << 0x5))), function at exception vector 1 too large)

.vector_2       0x9d00f240        0x8
 *(.vector_2)
 .vector_2      0x9d00f240        0x8 c:/xc32/xc32_v2.05/v2.05/bin/bin/../../lib/gcc/pic32mx/4.8.3/../../../../pic32mx/lib/mips16\libpic32.a(vector2.o)
                0x9d00f240                __vector_dispatch_2
                0x00000001                ASSERT (((_vector_spacing == 0x0) || (SIZEOF (.vector_2) <= (_vector_spacing << 0x5))), function at exception vector 2 too large)

.vector_3       0x9d00f260        0x8
 *(.vector_3)
 .vector_3      0x9d00f260        0x8 c:/xc32/xc32_v2.05/v2.05/bin/bin/../../lib/gcc/pic32mx/4.8.3/../../../../pic32mx/lib/mips16\libpic32.a(vector3.o)
                0x9d00f260                __vector_dispatch_3
                0x00000001                ASSERT (((_vector_spacing == 0x0) || (SIZEOF (.vector_3) <= (_vector_spacing << 0x5))), function at exception vector 3 too large)

.vector_4       0x9d00f280        0x8
 *(.vector_4)
 .vector_4      0x9d00f280        0x8 controller.o
                0x9d00f280                __vector_dispatch_4
                0x00000001                ASSERT (((_vector_spacing == 0x0) || (SIZEOF (.vector_4) <= (_vector_spacing << 0x5))), function at exception vector 4 too large)

.vector_5       0x9d00f2a0        0x8
 *(.vector_5)
 .vector_5      0x9d00f2a0        0x8 c:/xc32/xc32_v2.05/v2.05/bin/bin/../../lib/gcc/pic32mx/4.8.3/../../../../pic32mx/lib/mips16\libpic32.a(vector5.o)
                0x9d00f2a0                __vector_dispatch_5
                0x00000001                ASSERT (((_vector_spacing == 0x0) || (SIZEOF (.vector_5) <= (_vector_spacing << 0x5))), function at exception vector 5 too large)

.vector_6       0x9d00f2c0        0x8
 *(.vector_6)
 .vector_6      0x9d00f2c0        0x8 c:/xc32/xc32_v2.05/v2.05/bin/bin/../../lib/gcc/pic32mx/4.8.3/../../../../pic32mx/lib/mips16\libpic32.a(vector6.o)
                0x9d00f2c0                __vector_dispatch_6
                0x00000001                ASSERT (((_vector_spacing == 0x0) || (SIZEOF (.vector_6) <= (_vector_spacing << 0x5))), function at exception vector 6 too large)

.vector_7       0x9d00f2e0        0x8
 *(.vector_7)
 .vector_7      0x9d00f2e0        0x8 c:/xc32/xc32_v2.05/v2.05/bin/bin/../../lib/gcc/pic32mx/4.8.3/../../../../pic32mx/lib/mips16\libpic32.a(vector7.o)
                0x9d00f2e0                __vector_dispatch_7
                0x00000001                ASSERT (((_vector_spacing == 0x0) || (SIZEOF (.vector_7) <= (_vector_spacing << 0x5))), function at exception vector 7 too large)

.vector_8       0x9d00f300        0x8
 *(.vector_8)
 .vector_8      0x9d00f300        0x8 c:/xc32/xc32_v2.05/v2.05/bin/bin/../../lib/gcc/pic32mx/4.8.3/../../../../pic32mx/lib/mips16\libpic32.a(vector8.o)
                0x9d00f300                __vector_dispatch_8
                0x00000001                ASSERT (((_vector_spacing == 0x0) || (SIZEOF (.vector_8) <= (_vector_spacing << 0x5))), function at exception vector 8 too large)

.vector_9       0x9d00f320        0x8
 *(.vector_9)
 .vector_9      0x9d00f320        0x8 c:/xc32/xc32_v2.05/v2.05/bin/bin/../../lib/gcc/pic32mx/4.8.3/../../../../pic32mx/lib/mips16\libpic32.a(vector9.o)
                0x9d00f320                __vector_dispatch_9
                0x00000001                ASSERT (((_vector_spacing == 0x0) || (SIZEOF (.vector_9) <= (_vector_spacing << 0x5))), function at exception vector 9 too large)

.vector_10      0x9d00f340        0x8
 *(.vector_10)
 .vector_10     0x9d00f340        0x8 c:/xc32/xc32_v2.05/v2.05/bin/bin/../../lib/gcc/pic32mx/4.8.3/../../../../pic32mx/lib/mips16\libpic32.a(vector10.o)
                0x9d00f340                __vector_dispatch_10
                0x00000001                ASSERT (((_vector_spacing == 0x0) || (SIZEOF (.vector_10) <= (_vector_spacing << 0x5))), function at exception vector 10 too large)

.vector_11      0x9d00f360        0x8
 *(.vector_11)
 .vector_11     0x9d00f360        0x8 c:/xc32/xc32_v2.05/v2.05/bin/bin/../../lib/gcc/pic32mx/4.8.3/../../../../pic32mx/lib/mips16\libpic32.a(vector11.o)
                0x9d00f360                __vector_dispatch_11
                0x00000001                ASSERT (((_vector_spacing == 0x0) || (SIZEOF (.vector_11) <= (_vector_spacing << 0x5))), function at exception vector 11 too large)

.vector_12      0x9d00f380        0x8
 *(.vector_12)
 .vector_12     0x9d00f380        0x8 c:/xc32/xc32_v2.05/v2.05/bin/bin/../../lib/gcc/pic32mx/4.8.3/../../../../pic32mx/lib/mips16\libpic32.a(vector12.o)
                0x9d00f380                __vector_dispatch_12
                0x00000001                ASSERT (((_vector_spacing == 0x0) || (SIZEOF (.vector_12) <= (_vector_spacing << 0x5))), function at exception vector 12 too large)

.vector_13      0x9d00f3a0        0x8
 *(.vector_13)
 .vector_13     0x9d00f3a0        0x8 c:/xc32/xc32_v2.05/v2.05/bin/bin/../../lib/gcc/pic32mx/4.8.3/../../../../pic32mx/lib/mips16\libpic32.a(vector13.o)
                0x9d00f3a0                __vector_dispatch_13
                0x00000001                ASSERT (((_vector_spacing == 0x0) || (SIZEOF (.vector_13) <= (_vector_spacing << 0x5))), function at exception vector 13 too large)

.vector_14      0x9d00f3c0        0x8
 *(.vector_14)
 .vector_14     0x9d00f3c0        0x8 c:/xc32/xc32_v2.05/v2.05/bin/bin/../../lib/gcc/pic32mx/4.8.3/../../../../pic32mx/lib/mips16\libpic32.a(vector14.o)
                0x9d00f3c0                __vector_dispatch_14
                0x00000001                ASSERT (((_vector_spacing == 0x0) || (SIZEOF (.vector_14) <= (_vector_spacing << 0x5))), function at exception vector 14 too large)

.vector_15      0x9d00f3e0        0x8
 *(.vector_15)
 .vector_15     0x9d00f3e0        0x8 c:/xc32/xc32_v2.05/v2.05/bin/bin/../../lib/gcc/pic32mx/4.8.3/../../../../pic32mx/lib/mips16\libpic32.a(vector15.o)
                0x9d00f3e0                __vector_dispatch_15
                0x00000001                ASSERT (((_vector_spacing == 0x0) || (SIZEOF (.vector_15) <= (_vector_spacing << 0x5))), function at exception vector 15 too large)

.vector_16      0x9d00f400        0x8
 *(.vector_16)
 .vector_16     0x9d00f400        0x8 c:/xc32/xc32_v2.05/v2.05/bin/bin/../../lib/gcc/pic32mx/4.8.3/../../../../pic32mx/lib/mips16\libpic32.a(vector16.o)
                0x9d00f400                __vector_dispatch_16
                0x00000001                ASSERT (((_vector_spacing == 0x0) || (SIZEOF (.vector_16) <= (_vector_spacing << 0x5))), function at exception vector 16 too large)

.vector_17      0x9d00f420        0x8
 *(.vector_17)
 .vector_17     0x9d00f420        0x8 c:/xc32/xc32_v2.05/v2.05/bin/bin/../../lib/gcc/pic32mx/4.8.3/../../../../pic32mx/lib/mips16\libpic32.a(vector17.o)
                0x9d00f420                __vector_dispatch_17
                0x00000001                ASSERT (((_vector_spacing == 0x0) || (SIZEOF (.vector_17) <= (_vector_spacing << 0x5))), function at exception vector 17 too large)

.vector_18      0x9d00f440        0x8
 *(.vector_18)
 .vector_18     0x9d00f440        0x8 c:/xc32/xc32_v2.05/v2.05/bin/bin/../../lib/gcc/pic32mx/4.8.3/../../../../pic32mx/lib/mips16\libpic32.a(vector18.o)
                0x9d00f440                __vector_dispatch_18
                0x00000001                ASSERT (((_vector_spacing == 0x0) || (SIZEOF (.vector_18) <= (_vector_spacing << 0x5))), function at exception vector 18 too large)

.vector_19      0x9d00f460        0x8
 *(.vector_19)
 .vector_19     0x9d00f460        0x8 c:/xc32/xc32_v2.05/v2.05/bin/bin/../../lib/gcc/pic32mx/4.8.3/../../../../pic32mx/lib/mips16\libpic32.a(vector19.o)
                0x9d00f460                __vector_dispatch_19
                0x00000001                ASSERT (((_vector_spacing == 0x0) || (SIZEOF (.vector_19) <= (_vector_spacing << 0x5))), function at exception vector 19 too large)

.vector_20      0x9d00f480        0x8
 *(.vector_20)
 .vector_20     0x9d00f480        0x8 c:/xc32/xc32_v2.05/v2.05/bin/bin/../../lib/gcc/pic32mx/4.8.3/../../../../pic32mx/lib/mips16\libpic32.a(vector20.o)
                0x9d00f480                __vector_dispatch_20
                0x00000001                ASSERT (((_vector_spacing == 0x0) || (SIZEOF (.vector_20) <= (_vector_spacing << 0x5))), function at exception vector 20 too large)

.vector_21      0x9d00f4a0        0x8
 *(.vector_21)
 .vector_21     0x9d00f4a0        0x8 c:/xc32/xc32_v2.05/v2.05/bin/bin/../../lib/gcc/pic32mx/4.8.3/../../../../pic32mx/lib/mips16\libpic32.a(vector21.o)
                0x9d00f4a0                __vector_dispatch_21
                0x00000001                ASSERT (((_vector_spacing == 0x0) || (SIZEOF (.vector_21) <= (_vector_spacing << 0x5))), function at exception vector 21 too large)

.vector_22      0x9d00f4c0        0x8
 *(.vector_22)
 .vector_22     0x9d00f4c0        0x8 c:/xc32/xc32_v2.05/v2.05/bin/bin/../../lib/gcc/pic32mx/4.8.3/../../../../pic32mx/lib/mips16\libpic32.a(vector22.o)
                0x9d00f4c0                __vector_dispatch_22
                0x00000001                ASSERT (((_vector_spacing == 0x0) || (SIZEOF (.vector_22) <= (_vector_spacing << 0x5))), function at exception vector 22 too large)

.vector_23      0x9d00f4e0        0x8
 *(.vector_23)
 .vector_23     0x9d00f4e0        0x8 c:/xc32/xc32_v2.05/v2.05/bin/bin/../../lib/gcc/pic32mx/4.8.3/../../../../pic32mx/lib/mips16\libpic32.a(vector23.o)
                0x9d00f4e0                __vector_dispatch_23
                0x00000001                ASSERT (((_vector_spacing == 0x0) || (SIZEOF (.vector_23) <= (_vector_spacing << 0x5))), function at exception vector 23 too large)

.vector_24      0x9d00f500        0x8
 *(.vector_24)
 .vector_24     0x9d00f500        0x8 c:/xc32/xc32_v2.05/v2.05/bin/bin/../../lib/gcc/pic32mx/4.8.3/../../../../pic32mx/lib/mips16\libpic32.a(vector24.o)
                0x9d00f500                __vector_dispatch_24
                0x00000001                ASSERT (((_vector_spacing == 0x0) || (SIZEOF (.vector_24) <= (_vector_spacing << 0x5))), function at exception vector 24 too large)

.vector_25      0x9d00f520        0x8
 *(.vector_25)
 .vector_25     0x9d00f520        0x8 c:/xc32/xc32_v2.05/v2.05/bin/bin/../../lib/gcc/pic32mx/4.8.3/../../../../pic32mx/lib/mips16\libpic32.a(vector25.o)
                0x9d00f520                __vector_dispatch_25
                0x00000001                ASSERT (((_vector_spacing == 0x0) || (SIZEOF (.vector_25) <= (_vector_spacing << 0x5))), function at exception vector 25 too large)

.vector_26      0x9d00f540        0x8
 *(.vector_26)
 .vector_26     0x9d00f540        0x8 c:/xc32/xc32_v2.05/v2.05/bin/bin/../../lib/gcc/pic32mx/4.8.3/../../../../pic32mx/lib/mips16\libpic32.a(vector26.o)
                0x9d00f540                __vector_dispatch_26
                0x00000001                ASSERT (((_vector_spacing == 0x0) || (SIZEOF (.vector_26) <= (_vector_spacing << 0x5))), function at exception vector 26 too large)

.vector_27      0x9d00f560        0x8
 *(.vector_27)
 .vector_27     0x9d00f560        0x8 c:/xc32/xc32_v2.05/v2.05/bin/bin/../../lib/gcc/pic32mx/4.8.3/../../../../pic32mx/lib/mips16\libpic32.a(vector27.o)
                0x9d00f560                __vector_dispatch_27
                0x00000001                ASSERT (((_vector_spacing == 0x0) || (SIZEOF (.vector_27) <= (_vector_spacing << 0x5))), function at exception vector 27 too large)

.vector_28      0x9d00f580        0x8
 *(.vector_28)
 .vector_28     0x9d00f580        0x8 c:/xc32/xc32_v2.05/v2.05/bin/bin/../../lib/gcc/pic32mx/4.8.3/../../../../pic32mx/lib/mips16\libpic32.a(vector28.o)
                0x9d00f580                __vector_dispatch_28
                0x00000001                ASSERT (((_vector_spacing == 0x0) || (SIZEOF (.vector_28) <= (_vector_spacing << 0x5))), function at exception vector 28 too large)

.vector_29      0x9d00f5a0        0x8
 *(.vector_29)
 .vector_29     0x9d00f5a0        0x8 c:/xc32/xc32_v2.05/v2.05/bin/bin/../../lib/gcc/pic32mx/4.8.3/../../../../pic32mx/lib/mips16\libpic32.a(vector29.o)
                0x9d00f5a0                __vector_dispatch_29
                0x00000001                ASSERT (((_vector_spacing == 0x0) || (SIZEOF (.vector_29) <= (_vector_spacing << 0x5))), function at exception vector 29 too large)

.vector_30      0x9d00f5c0        0x8
 *(.vector_30)
 .vector_30     0x9d00f5c0        0x8 c:/xc32/xc32_v2.05/v2.05/bin/bin/../../lib/gcc/pic32mx/4.8.3/../../../../pic32mx/lib/mips16\libpic32.a(vector30.o)
                0x9d00f5c0                __vector_dispatch_30
                0x00000001                ASSERT (((_vector_spacing == 0x0) || (SIZEOF (.vector_30) <= (_vector_spacing << 0x5))), function at exception vector 30 too large)

.vector_31      0x9d00f5e0        0x8
 *(.vector_31)
 .vector_31     0x9d00f5e0        0x8 c:/xc32/xc32_v2.05/v2.05/bin/bin/../../lib/gcc/pic32mx/4.8.3/../../../../pic32mx/lib/mips16\libpic32.a(vector31.o)
                0x9d00f5e0                __vector_dispatch_31
                0x00000001                ASSERT (((_vector_spacing == 0x0) || (SIZEOF (.vector_31) <= (_vector_spacing << 0x5))), function at exception vector 31 too large)

.vector_32      0x9d00f600        0x8
 *(.vector_32)
 .vector_32     0x9d00f600        0x8 c:/xc32/xc32_v2.05/v2.05/bin/bin/../../lib/gcc/pic32mx/4.8.3/../../../../pic32mx/lib/mips16\libpic32.a(vector32.o)
                0x9d00f600                __vector_dispatch_32
                0x00000001                ASSERT (((_vector_spacing == 0x0) || (SIZEOF (.vector_32) <= (_vector_spacing << 0x5))), function at exception vector 32 too large)

.vector_33      0x9d00f620        0x8
 *(.vector_33)
 .vector_33     0x9d00f620        0x8 c:/xc32/xc32_v2.05/v2.05/bin/bin/../../lib/gcc/pic32mx/4.8.3/../../../../pic32mx/lib/mips16\libpic32.a(vector33.o)
                0x9d00f620                __vector_dispatch_33
                0x00000001                ASSERT (((_vector_spacing == 0x0) || (SIZEOF (.vector_33) <= (_vector_spacing << 0x5))), function at exception vector 33 too large)

.vector_34      0x9d00f640        0x8
 *(.vector_34)
 .vector_34     0x9d00f640        0x8 c:/xc32/xc32_v2.05/v2.05/bin/bin/../../lib/gcc/pic32mx/4.8.3/../../../../pic32mx/lib/mips16\libpic32.a(vector34.o)
                0x9d00f640                __vector_dispatch_34
                0x00000001                ASSERT (((_vector_spacing == 0x0) || (SIZEOF (.vector_34) <= (_vector_spacing << 0x5))), function at exception vector 34 too large)

.vector_35      0x9d00f660        0x8
 *(.vector_35)
 .vector_35     0x9d00f660        0x8 c:/xc32/xc32_v2.05/v2.05/bin/bin/../../lib/gcc/pic32mx/4.8.3/../../../../pic32mx/lib/mips16\libpic32.a(vector35.o)
                0x9d00f660                __vector_dispatch_35
                0x00000001                ASSERT (((_vector_spacing == 0x0) || (SIZEOF (.vector_35) <= (_vector_spacing << 0x5))), function at exception vector 35 too large)

.vector_36      0x9d00f680        0x8
 *(.vector_36)
 .vector_36     0x9d00f680        0x8 c:/xc32/xc32_v2.05/v2.05/bin/bin/../../lib/gcc/pic32mx/4.8.3/../../../../pic32mx/lib/mips16\libpic32.a(vector36.o)
                0x9d00f680                __vector_dispatch_36
                0x00000001                ASSERT (((_vector_spacing == 0x0) || (SIZEOF (.vector_36) <= (_vector_spacing << 0x5))), function at exception vector 36 too large)

.vector_37      0x9d00f6a0        0x8
 *(.vector_37)
 .vector_37     0x9d00f6a0        0x8 c:/xc32/xc32_v2.05/v2.05/bin/bin/../../lib/gcc/pic32mx/4.8.3/../../../../pic32mx/lib/mips16\libpic32.a(vector37.o)
                0x9d00f6a0                __vector_dispatch_37
                0x00000001                ASSERT (((_vector_spacing == 0x0) || (SIZEOF (.vector_37) <= (_vector_spacing << 0x5))), function at exception vector 37 too large)

.vector_38      0x9d00f6c0        0x8
 *(.vector_38)
 .vector_38     0x9d00f6c0        0x8 c:/xc32/xc32_v2.05/v2.05/bin/bin/../../lib/gcc/pic32mx/4.8.3/../../../../pic32mx/lib/mips16\libpic32.a(vector38.o)
                0x9d00f6c0                __vector_dispatch_38
                0x00000001                ASSERT (((_vector_spacing == 0x0) || (SIZEOF (.vector_38) <= (_vector_spacing << 0x5))), function at exception vector 38 too large)

.vector_39      0x9d00f6e0        0x8
 *(.vector_39)
 .vector_39     0x9d00f6e0        0x8 c:/xc32/xc32_v2.05/v2.05/bin/bin/../../lib/gcc/pic32mx/4.8.3/../../../../pic32mx/lib/mips16\libpic32.a(vector39.o)
                0x9d00f6e0                __vector_dispatch_39
                0x00000001                ASSERT (((_vector_spacing == 0x0) || (SIZEOF (.vector_39) <= (_vector_spacing << 0x5))), function at exception vector 39 too large)

.vector_40      0x9d00f700        0x8
 *(.vector_40)
 .vector_40     0x9d00f700        0x8 c:/xc32/xc32_v2.05/v2.05/bin/bin/../../lib/gcc/pic32mx/4.8.3/../../../../pic32mx/lib/mips16\libpic32.a(vector40.o)
                0x9d00f700                __vector_dispatch_40
                0x00000001                ASSERT (((_vector_spacing == 0x0) || (SIZEOF (.vector_40) <= (_vector_spacing << 0x5))), function at exception vector 40 too large)

.vector_41      0x9d00f720        0x8
 *(.vector_41)
 .vector_41     0x9d00f720        0x8 c:/xc32/xc32_v2.05/v2.05/bin/bin/../../lib/gcc/pic32mx/4.8.3/../../../../pic32mx/lib/mips16\libpic32.a(vector41.o)
                0x9d00f720                __vector_dispatch_41
                0x00000001                ASSERT (((_vector_spacing == 0x0) || (SIZEOF (.vector_41) <= (_vector_spacing << 0x5))), function at exception vector 41 too large)

.vector_42      0x9d00f740        0x8
 *(.vector_42)
 .vector_42     0x9d00f740        0x8 c:/xc32/xc32_v2.05/v2.05/bin/bin/../../lib/gcc/pic32mx/4.8.3/../../../../pic32mx/lib/mips16\libpic32.a(vector42.o)
                0x9d00f740                __vector_dispatch_42
                0x00000001                ASSERT (((_vector_spacing == 0x0) || (SIZEOF (.vector_42) <= (_vector_spacing << 0x5))), function at exception vector 42 too large)

.vector_43      0x9d00f760        0x8
 *(.vector_43)
 .vector_43     0x9d00f760        0x8 c:/xc32/xc32_v2.05/v2.05/bin/bin/../../lib/gcc/pic32mx/4.8.3/../../../../pic32mx/lib/mips16\libpic32.a(vector43.o)
                0x9d00f760                __vector_dispatch_43
                0x00000001                ASSERT (((_vector_spacing == 0x0) || (SIZEOF (.vector_43) <= (_vector_spacing << 0x5))), function at exception vector 43 too large)

.vector_44      0x9d00f780        0x0
 *(.vector_44)
                0x00000001                ASSERT (((_vector_spacing == 0x0) || (SIZEOF (.vector_44) <= (_vector_spacing << 0x5))), function at exception vector 44 too large)

.vector_45      0x9d00f7a0        0x0
 *(.vector_45)
                0x00000001                ASSERT (((_vector_spacing == 0x0) || (SIZEOF (.vector_45) <= (_vector_spacing << 0x5))), function at exception vector 45 too large)

.vector_46      0x9d00f7c0        0x0
 *(.vector_46)
                0x00000001                ASSERT (((_vector_spacing == 0x0) || (SIZEOF (.vector_46) <= (_vector_spacing << 0x5))), function at exception vector 46 too large)

.vector_47      0x9d00f7e0        0x0
 *(.vector_47)
                0x00000001                ASSERT (((_vector_spacing == 0x0) || (SIZEOF (.vector_47) <= (_vector_spacing << 0x5))), function at exception vector 47 too large)

.vector_48      0x9d00f800        0x0
 *(.vector_48)
                0x00000001                ASSERT (((_vector_spacing == 0x0) || (SIZEOF (.vector_48) <= (_vector_spacing << 0x5))), function at exception vector 48 too large)

.vector_49      0x9d00f820        0x0
 *(.vector_49)
                0x00000001                ASSERT (((_vector_spacing == 0x0) || (SIZEOF (.vector_49) <= (_vector_spacing << 0x5))), function at exception vector 49 too large)

.vector_50      0x9d00f840        0x0
 *(.vector_50)
                0x00000001                ASSERT (((_vector_spacing == 0x0) || (SIZEOF (.vector_50) <= (_vector_spacing << 0x5))), function at exception vector 50 too large)

.vector_51      0x9d00f860        0x0
 *(.vector_51)
                0x00000001                ASSERT (((_vector_spacing == 0x0) || (SIZEOF (.vector_51) <= (_vector_spacing << 0x5))), function at exception vector 51 too large)

.vector_52      0x9d00f880        0x0
 *(.vector_52)
                0x00000001                ASSERT (((_vector_spacing == 0x0) || (SIZEOF (.vector_52) <= (_vector_spacing << 0x5))), function at exception vector 52 too large)

.vector_53      0x9d00f8a0        0x0
 *(.vector_53)
                0x00000001                ASSERT (((_vector_spacing == 0x0) || (SIZEOF (.vector_53) <= (_vector_spacing << 0x5))), function at exception vector 53 too large)

.vector_54      0x9d00f8c0        0x0
 *(.vector_54)
                0x00000001                ASSERT (((_vector_spacing == 0x0) || (SIZEOF (.vector_54) <= (_vector_spacing << 0x5))), function at exception vector 54 too large)

.vector_55      0x9d00f8e0        0x0
 *(.vector_55)
                0x00000001                ASSERT (((_vector_spacing == 0x0) || (SIZEOF (.vector_55) <= (_vector_spacing << 0x5))), function at exception vector 55 too large)

.vector_56      0x9d00f900        0x0
 *(.vector_56)
                0x00000001                ASSERT (((_vector_spacing == 0x0) || (SIZEOF (.vector_56) <= (_vector_spacing << 0x5))), function at exception vector 56 too large)

.vector_57      0x9d00f920        0x0
 *(.vector_57)
                0x00000001                ASSERT (((_vector_spacing == 0x0) || (SIZEOF (.vector_57) <= (_vector_spacing << 0x5))), function at exception vector 57 too large)

.vector_58      0x9d00f940        0x0
 *(.vector_58)
                0x00000001                ASSERT (((_vector_spacing == 0x0) || (SIZEOF (.vector_58) <= (_vector_spacing << 0x5))), function at exception vector 58 too large)

.vector_59      0x9d00f960        0x0
 *(.vector_59)
                0x00000001                ASSERT (((_vector_spacing == 0x0) || (SIZEOF (.vector_59) <= (_vector_spacing << 0x5))), function at exception vector 59 too large)

.vector_60      0x9d00f980        0x0
 *(.vector_60)
                0x00000001                ASSERT (((_vector_spacing == 0x0) || (SIZEOF (.vector_60) <= (_vector_spacing << 0x5))), function at exception vector 60 too large)

.vector_61      0x9d00f9a0        0x0
 *(.vector_61)
                0x00000001                ASSERT (((_vector_spacing == 0x0) || (SIZEOF (.vector_61) <= (_vector_spacing << 0x5))), function at exception vector 61 too large)

.vector_62      0x9d00f9c0        0x0
 *(.vector_62)
                0x00000001                ASSERT (((_vector_spacing == 0x0) || (SIZEOF (.vector_62) <= (_vector_spacing << 0x5))), function at exception vector 62 too large)

.vector_63      0x9d00f9e0        0x0
 *(.vector_63)
                0x00000001                ASSERT (((_vector_spacing == 0x0) || (SIZEOF (.vector_63) <= (_vector_spacing << 0x5))), function at exception vector 63 too large)

.startup
 *(.startup)

.text           0x9d000000        0x0
 *(.stub .gnu.linkonce.t.*)
 *(.text.*personality*)
 *(.mips16.fn.*)
 *(.mips16.call.*)
 *(.gnu.warning)
                0x9d000000                . = ALIGN (0x4)

.init           0x9d000000        0x0
 *crti.o(.init)
 *crtbegin.o(.init)
 *(EXCLUDE_FILE(*crtn.o *crtend?.o *crtend.o) .init)
 *crtend.o(.init)
 *crtn.o(.init)
                0x9d000000                . = ALIGN (0x4)

.fini           0x9d000000        0x0
 *(.fini)
                0x9d000000                . = ALIGN (0x4)

.preinit_array  0x9d000000        0x0
                0x9d000000                PROVIDE (__preinit_array_start, .)
 *(.preinit_array)
                0x9d000000                PROVIDE (__preinit_array_end, .)
                0x9d000000                . = ALIGN (0x4)

.init_array     0x9d000000        0x0
                0x9d000000                PROVIDE (__init_array_start, .)
 *(SORT(.init_array.*))
 *(.init_array)
                0x9d000000                PROVIDE (__init_array_end, .)
                0x9d000000                . = ALIGN (0x4)

.fini_array     0x9d000000        0x0
                0x9d000000                PROVIDE (__fini_array_start, .)
 *(SORT(.fini_array.*))
 *(.fini_array)
                0x9d000000                PROVIDE (__fini_array_end, .)
                0x9d000000                . = ALIGN (0x4)

.ctors          0x9d000000        0x0
 *crtbegin.o(.ctors)
 *crtbegin?.o(.ctors)
 *(EXCLUDE_FILE(*crtend?.o *crtend.o) .ctors)
 *(SORT(.ctors.*))
 *(.ctors)
                0x9d000000                . = ALIGN (0x4)

.dtors          0x9d000000        0x0
 *crtbegin.o(.dtors)
 *crtbegin?.o(.dtors)
 *(EXCLUDE_FILE(*crtend?.o *crtend.o) .dtors)
 *(SORT(.dtors.*))
 *(.dtors)
                0x9d000000                . = ALIGN (0x4)

.rodata         0x9d000000        0x0
 *(.gnu.linkonce.r.*)
 *(.rodata1)
                0x9d000000                . = ALIGN (0x4)

.sdata2         0x9fc00490        0x0
 *(.sdata2 .sdata2.* .gnu.linkonce.s2.*)
                0x9fc00490                . = ALIGN (0x4)

.sbss2          0x9fc00490        0x0
 *(.sbss2 .sbss2.* .gnu.linkonce.sb2.*)
                0x9fc00490                . = ALIGN (0x4)

.eh_frame_hdr
 *(.eh_frame_hdr)
                0x9fc00490                . = ALIGN (0x4)

.eh_frame
 *(.eh_frame)
                0x9fc00490                . = ALIGN (0x4)

.gcc_except_table
 *(.gcc_except_table .gcc_except_table.*)
                0x9fc00490                . = ALIGN (0x4)

.dbg_data       0xa0000000        0x0
                0xa0000000                . = (. + DEFINED (_DEBUGGER)?0x200:0x0)

.jcr            0xa0000000        0x0
 *(.jcr)
                0xa0000000                . = ALIGN (0x4)

.eh_frame
 *(.eh_frame)
                0xa0000000                . = ALIGN (0x4)

.gcc_except_table
 *(.gcc_except_table .gcc_except_table.*)
                0xa0000000                . = ALIGN (0x4)

.persist        0xa0000000        0x0
                0xa0000000                _persist_begin = .
 *(.persist .persist.*)
 *(.pbss .pbss.*)
                0xa0000000                . = ALIGN (0x4)
                0xa0000000                _persist_end = .

.data           0xa0000000        0x0
 *(.gnu.linkonce.d.*)
 *(.data1)
                0xa0000000                . = ALIGN (0x4)
                0xa0000000                . = .
                0xa0007ff0                _gp = (ALIGN (0x10) + 0x7ff0)

.got            0xa0000000        0x0
 *(.got.plt)
 *(.got)
                0xa0000000                . = ALIGN (0x4)

.sdata          0xa0000000       0x10
                0xa0000000                _sdata_begin = .
 *(.sdata .sdata.* .gnu.linkonce.s.*)
 .sdata         0xa0000000        0x8 controller.o
                0xa0000000                ISR_pwm1
                0xa0000004                ISR_pwm2
 .sdata         0xa0000008        0x4 c:/xc32/xc32_v2.05/v2.05/bin/bin/../../lib/gcc/pic32mx/4.8.3/../../../../pic32mx/lib/mips16\liblega-c.a(_iobdata.o)
                0xa0000008                _libc_data
 .sdata         0xa000000c        0x4 c:/xc32/xc32_v2.05/v2.05/bin/bin/../../lib/gcc/pic32mx/4.8.3/../../../../pic32mx/lib/mips16\libpic32.a(xc32_uart.o)
                0xa000000c                __XC_UART
                0xa0000010                . = ALIGN (0x4)
                0xa0000010                _sdata_end = .

.lit8
 *(.lit8)

.lit4
 *(.lit4)
                0xa0000010                . = ALIGN (0x4)
                0xa0000010                _data_end = .
                0xa0000010                _bss_begin = .

.sbss           0xa0000010       0x10
                0xa0000010                _sbss_begin = .
 *(.dynsbss)
 *(.sbss .sbss.* .gnu.linkonce.sb.*)
 .sbss          0xa0000010        0xc controller.o
                0xa0000010                ISR_cnt
 .sbss          0xa000001c        0x4 c:/xc32/xc32_v2.05/v2.05/bin/bin/../../lib/gcc/pic32mx/4.8.3/../../../../pic32mx/lib/mips16\liblega-c.a(errno.o)
                0xa000001c                errno
 *(.scommon)
                0xa0000020                _sbss_end = .
                0xa0000020                . = ALIGN (0x4)

.bss            0xa0000020        0x0
 *(.dynbss)
 *(COMMON)
                0xa0000020                . = ALIGN ((. != 0x0)?0x4:0x1)
                0xa0000020                . = ALIGN (0x4)
                0xa0000020                _end = .
                0xa0000020                _bss_end = .
                0x00004000                _bmxdudba_address = 0x4000
                0x00004000                _bmxdupba_address = 0x4000

/DISCARD/
 *(.pdr)
 *(.rel.dyn)
 *(.note.GNU-stack)
 *(.note.GNU-stack)
 *(.gnu_debuglink)
 *(.gnu.lto_*)
 *(.discard)

.gptab.sdata
 *(.gptab.data)
 *(.gptab.sdata)

.gptab.sbss
 *(.gptab.bss)
 *(.gptab.sbss)

.mdebug.abi32   0xa0000020        0x0
 *(.mdebug.abi32)
 .mdebug.abi32  0xa0000020        0x0 controller.o
 .mdebug.abi32  0xa0000020        0x0 lcd.o
 .mdebug.abi32  0xa0000020        0x0 c:/xc32/xc32_v2.05/v2.05/bin/bin/../../lib/gcc/pic32mx/4.8.3/../../../../pic32mx/lib/mips16\libpic32.a(default-bootstrap-exception-handler.o)
 .mdebug.abi32  0xa0000020        0x0 c:/xc32/xc32_v2.05/v2.05/bin/bin/../../lib/gcc/pic32mx/4.8.3/../../../../pic32mx/lib/mips16\libpic32.a(default-on-reset.o)
 .mdebug.abi32  0xa0000020        0x0 c:/xc32/xc32_v2.05/v2.05/bin/bin/../../lib/gcc/pic32mx/4.8.3/../../../../pic32mx/lib/mips16\libpic32.a(default-on-bootstrap.o)
 .mdebug.abi32  0xa0000020        0x0 c:/xc32/xc32_v2.05/v2.05/bin/bin/../../lib/gcc/pic32mx/4.8.3/../../../../pic32mx/lib/mips16\libpic32.a(default-general-exception-handler.o)
 .mdebug.abi32  0xa0000020        0x0 c:/xc32/xc32_v2.05/v2.05/bin/bin/../../lib/gcc/pic32mx/4.8.3/../../../../pic32mx/lib/mips16\libpic32.a(defaultinterrupt.o)
 .mdebug.abi32  0xa0000020        0x0 c:/xc32/xc32_v2.05/v2.05/bin/bin/../../lib/gcc/pic32mx/4.8.3/../../../../pic32mx/lib/mips16\liblega-c.a(_iobdata.o)
 .mdebug.abi32  0xa0000020        0x0 c:/xc32/xc32_v2.05/v2.05/bin/bin/../../lib/gcc/pic32mx/4.8.3/../../../../pic32mx/lib/mips16\liblega-c.a(_iobfuncs.o)
 .mdebug.abi32  0xa0000020        0x0 c:/xc32/xc32_v2.05/v2.05/bin/bin/../../lib/gcc/pic32mx/4.8.3/../../../../pic32mx/lib/mips16\liblega-c.a(fputc.o)
 .mdebug.abi32  0xa0000020        0x0 c:/xc32/xc32_v2.05/v2.05/bin/bin/../../lib/gcc/pic32mx/4.8.3/../../../../pic32mx/lib/mips16\liblega-c.a(fputs.o)
 .mdebug.abi32  0xa0000020        0x0 c:/xc32/xc32_v2.05/v2.05/bin/bin/../../lib/gcc/pic32mx/4.8.3/../../../../pic32mx/lib/mips16\liblega-c.a(printf_s.eo)
 .mdebug.abi32  0xa0000020        0x0 c:/xc32/xc32_v2.05/v2.05/bin/bin/../../lib/gcc/pic32mx/4.8.3/../../../../pic32mx/lib/mips16\liblega-c.a(sprintf_cdnopuxX.eo)
 .mdebug.abi32  0xa0000020        0x0 c:/xc32/xc32_v2.05/v2.05/bin/bin/../../lib/gcc/pic32mx/4.8.3/../../../../pic32mx/lib/mips16\liblega-c.a(errno.o)
 .mdebug.abi32  0xa0000020        0x0 c:/xc32/xc32_v2.05/v2.05/bin/bin/../../lib/gcc/pic32mx/4.8.3/../../../../pic32mx/lib/mips16\liblega-c.a(_iobstring.o)
 .mdebug.abi32  0xa0000020        0x0 c:/xc32/xc32_v2.05/v2.05/bin/bin/../../lib/gcc/pic32mx/4.8.3/mips16\libgcc.a(_udivdi3.o)
 .mdebug.abi32  0xa0000020        0x0 c:/xc32/xc32_v2.05/v2.05/bin/bin/../../lib/gcc/pic32mx/4.8.3/mips16\libgcc.a(_umoddi3.o)
 .mdebug.abi32  0xa0000020        0x0 c:/xc32/xc32_v2.05/v2.05/bin/bin/../../lib/gcc/pic32mx/4.8.3/mips16\libgcc.a(_clz.o)
 .mdebug.abi32  0xa0000020        0x0 c:/xc32/xc32_v2.05/v2.05/bin/bin/../../lib/gcc/pic32mx/4.8.3/../../../../pic32mx/lib/mips16\libpic32.a(_mon_write.o)
 .mdebug.abi32  0xa0000020        0x0 c:/xc32/xc32_v2.05/v2.05/bin/bin/../../lib/gcc/pic32mx/4.8.3/../../../../pic32mx/lib/mips16\libpic32.a(_mon_putc.o)
 .mdebug.abi32  0xa0000020        0x0 c:/xc32/xc32_v2.05/v2.05/bin/bin/../../lib/gcc/pic32mx/4.8.3/../../../../pic32mx/lib/mips16\libpic32.a(xc32_uart.o)
 .mdebug.abi32  0xa0000020        0x0 c:/xc32/xc32_v2.05/v2.05/bin/bin/../../lib/gcc/pic32mx/4.8.3/../../../../pic32mx/lib/mips16\liblega-c.a(_doprnt_cdnopsuxX.eo)

.mdebug.abiN32
 *(.mdebug.abiN32)

.mdebug.abi64
 *(.mdebug.abi64)

.mdebug.abiO64
 *(.mdebug.abiO64)

.mdebug.eabi32
 *(.mdebug.eabi32)

.mdebug.eabi64
 *(.mdebug.eabi64)

.gcc_compiled_long32
 *(.gcc_compiled_long32)

.gcc_compiled_long64
 *(.gcc_compiled_long64)

.stab
 *(.stab)

.stabstr
 *(.stabstr)

.stab.excl
 *(.stab.excl)

.stab.exclstr
 *(.stab.exclstr)

.stab.index
 *(.stab.index)

.stab.indexstr
 *(.stab.indexstr)

.comment        0x00000000      0x334
 *(.comment)
 .comment       0x00000000       0x3c controller.o
                                 0x3d (size before relaxing)
 .comment       0x00000000       0x3d lcd.o
 .comment       0x0000003c       0x19 c:/xc32/xc32_v2.05/v2.05/bin/bin/../../lib/gcc/pic32mx/4.8.3/../../../../pic32mx/lib/mips16\libpic32.a(strlen.o)
                                 0x1a (size before relaxing)
 .comment       0x00000000       0x3d c:/xc32/xc32_v2.05/v2.05/bin/bin/../../lib/gcc/pic32mx/4.8.3/../../../../pic32mx/lib/mips16\libpic32.a(default-bootstrap-exception-handler.o)
 .comment       0x00000000       0x3d c:/xc32/xc32_v2.05/v2.05/bin/bin/../../lib/gcc/pic32mx/4.8.3/../../../../pic32mx/lib/mips16\libpic32.a(default-on-reset.o)
 .comment       0x00000000       0x3d c:/xc32/xc32_v2.05/v2.05/bin/bin/../../lib/gcc/pic32mx/4.8.3/../../../../pic32mx/lib/mips16\libpic32.a(default-on-bootstrap.o)
 .comment       0x00000000       0x3d c:/xc32/xc32_v2.05/v2.05/bin/bin/../../lib/gcc/pic32mx/4.8.3/../../../../pic32mx/lib/mips16\libpic32.a(default-general-exception-handler.o)
 .comment       0x00000000       0x3d c:/xc32/xc32_v2.05/v2.05/bin/bin/../../lib/gcc/pic32mx/4.8.3/../../../../pic32mx/lib/mips16\libpic32.a(defaultinterrupt.o)
 .comment       0x00000055       0x53 c:/xc32/xc32_v2.05/v2.05/bin/bin/../../lib/gcc/pic32mx/4.8.3/../../../../pic32mx/lib/mips16\liblega-c.a(_iobdata.o)
                                 0x90 (size before relaxing)
 .comment       0x000000a8       0x54 c:/xc32/xc32_v2.05/v2.05/bin/bin/../../lib/gcc/pic32mx/4.8.3/../../../../pic32mx/lib/mips16\liblega-c.a(_iobfuncs.o)
                                 0x91 (size before relaxing)
 .comment       0x000000fc       0x50 c:/xc32/xc32_v2.05/v2.05/bin/bin/../../lib/gcc/pic32mx/4.8.3/../../../../pic32mx/lib/mips16\liblega-c.a(fputc.o)
                                 0x8d (size before relaxing)
 .comment       0x0000014c       0x50 c:/xc32/xc32_v2.05/v2.05/bin/bin/../../lib/gcc/pic32mx/4.8.3/../../../../pic32mx/lib/mips16\liblega-c.a(fputs.o)
                                 0x8d (size before relaxing)
 .comment       0x0000019c       0x51 c:/xc32/xc32_v2.05/v2.05/bin/bin/../../lib/gcc/pic32mx/4.8.3/../../../../pic32mx/lib/mips16\liblega-c.a(printf_s.eo)
                                 0x8e (size before relaxing)
 .comment       0x000001ed       0x52 c:/xc32/xc32_v2.05/v2.05/bin/bin/../../lib/gcc/pic32mx/4.8.3/../../../../pic32mx/lib/mips16\liblega-c.a(sprintf_cdnopuxX.eo)
                                 0x8f (size before relaxing)
 .comment       0x0000023f       0x4e c:/xc32/xc32_v2.05/v2.05/bin/bin/../../lib/gcc/pic32mx/4.8.3/../../../../pic32mx/lib/mips16\liblega-c.a(errno.o)
                                 0x8b (size before relaxing)
 .comment       0x0000028d       0x55 c:/xc32/xc32_v2.05/v2.05/bin/bin/../../lib/gcc/pic32mx/4.8.3/../../../../pic32mx/lib/mips16\liblega-c.a(_iobstring.o)
                                 0x92 (size before relaxing)
 .comment       0x00000000       0x3d c:/xc32/xc32_v2.05/v2.05/bin/bin/../../lib/gcc/pic32mx/4.8.3/mips16\libgcc.a(_udivdi3.o)
 .comment       0x00000000       0x3d c:/xc32/xc32_v2.05/v2.05/bin/bin/../../lib/gcc/pic32mx/4.8.3/mips16\libgcc.a(_umoddi3.o)
 .comment       0x00000000       0x3d c:/xc32/xc32_v2.05/v2.05/bin/bin/../../lib/gcc/pic32mx/4.8.3/mips16\libgcc.a(_clz.o)
 .comment       0x00000000       0x3d c:/xc32/xc32_v2.05/v2.05/bin/bin/../../lib/gcc/pic32mx/4.8.3/../../../../pic32mx/lib/mips16\libpic32.a(_mon_write.o)
 .comment       0x00000000       0x3d c:/xc32/xc32_v2.05/v2.05/bin/bin/../../lib/gcc/pic32mx/4.8.3/../../../../pic32mx/lib/mips16\libpic32.a(_mon_putc.o)
 .comment       0x00000000       0x3d c:/xc32/xc32_v2.05/v2.05/bin/bin/../../lib/gcc/pic32mx/4.8.3/../../../../pic32mx/lib/mips16\libpic32.a(xc32_uart.o)
 .comment       0x000002e2       0x52 c:/xc32/xc32_v2.05/v2.05/bin/bin/../../lib/gcc/pic32mx/4.8.3/../../../../pic32mx/lib/mips16\liblega-c.a(_doprnt_cdnopsuxX.eo)
                                 0x8f (size before relaxing)

.debug
 *(.debug)

.line
 *(.line)

.debug_srcinfo
 *(.debug_srcinfo)

.debug_sfnames
 *(.debug_sfnames)

.debug_aranges  0x00000000      0x178
 *(.debug_aranges)
 .debug_aranges
                0x00000000       0x20 controller.o
 .debug_aranges
                0x00000020       0x20 lcd.o
 .debug_aranges
                0x00000040       0x20 c:/xc32/xc32_v2.05/v2.05/bin/bin/../../lib/gcc/pic32mx/4.8.3/../../../../pic32mx/lib/mips16\libpic32.a(default-bootstrap-exception-handler.o)
 .debug_aranges
                0x00000060       0x20 c:/xc32/xc32_v2.05/v2.05/bin/bin/../../lib/gcc/pic32mx/4.8.3/../../../../pic32mx/lib/mips16\libpic32.a(default-on-reset.o)
 .debug_aranges
                0x00000080       0x20 c:/xc32/xc32_v2.05/v2.05/bin/bin/../../lib/gcc/pic32mx/4.8.3/../../../../pic32mx/lib/mips16\libpic32.a(default-on-bootstrap.o)
 .debug_aranges
                0x000000a0       0x20 c:/xc32/xc32_v2.05/v2.05/bin/bin/../../lib/gcc/pic32mx/4.8.3/../../../../pic32mx/lib/mips16\libpic32.a(default-general-exception-handler.o)
 .debug_aranges
                0x000000c0       0x20 c:/xc32/xc32_v2.05/v2.05/bin/bin/../../lib/gcc/pic32mx/4.8.3/../../../../pic32mx/lib/mips16\libpic32.a(defaultinterrupt.o)
 .debug_aranges
                0x000000e0       0x20 c:/xc32/xc32_v2.05/v2.05/bin/bin/../../lib/gcc/pic32mx/4.8.3/mips16\libgcc.a(_udivdi3.o)
 .debug_aranges
                0x00000100       0x20 c:/xc32/xc32_v2.05/v2.05/bin/bin/../../lib/gcc/pic32mx/4.8.3/mips16\libgcc.a(_umoddi3.o)
 .debug_aranges
                0x00000120       0x18 c:/xc32/xc32_v2.05/v2.05/bin/bin/../../lib/gcc/pic32mx/4.8.3/mips16\libgcc.a(_clz.o)
 .debug_aranges
                0x00000138       0x20 c:/xc32/xc32_v2.05/v2.05/bin/bin/../../lib/gcc/pic32mx/4.8.3/../../../../pic32mx/lib/mips16\libpic32.a(_mon_write.o)
 .debug_aranges
                0x00000158       0x20 c:/xc32/xc32_v2.05/v2.05/bin/bin/../../lib/gcc/pic32mx/4.8.3/../../../../pic32mx/lib/mips16\libpic32.a(_mon_putc.o)

.debug_pubnames
 *(.debug_pubnames)

.debug_info     0x00000000     0x4369
 *(.debug_info .gnu.linkonce.wi.*)
 .debug_info    0x00000000     0x2247 controller.o
 .debug_info    0x00002247      0x7ef lcd.o
 .debug_info    0x00002a36       0xf3 c:/xc32/xc32_v2.05/v2.05/bin/bin/../../lib/gcc/pic32mx/4.8.3/../../../../pic32mx/lib/mips16\libpic32.a(default-bootstrap-exception-handler.o)
 .debug_info    0x00002b29       0xcc c:/xc32/xc32_v2.05/v2.05/bin/bin/../../lib/gcc/pic32mx/4.8.3/../../../../pic32mx/lib/mips16\libpic32.a(default-on-reset.o)
 .debug_info    0x00002bf5       0xd4 c:/xc32/xc32_v2.05/v2.05/bin/bin/../../lib/gcc/pic32mx/4.8.3/../../../../pic32mx/lib/mips16\libpic32.a(default-on-bootstrap.o)
 .debug_info    0x00002cc9       0xef c:/xc32/xc32_v2.05/v2.05/bin/bin/../../lib/gcc/pic32mx/4.8.3/../../../../pic32mx/lib/mips16\libpic32.a(default-general-exception-handler.o)
 .debug_info    0x00002db8       0xe6 c:/xc32/xc32_v2.05/v2.05/bin/bin/../../lib/gcc/pic32mx/4.8.3/../../../../pic32mx/lib/mips16\libpic32.a(defaultinterrupt.o)
 .debug_info    0x00002e9e      0x853 c:/xc32/xc32_v2.05/v2.05/bin/bin/../../lib/gcc/pic32mx/4.8.3/mips16\libgcc.a(_udivdi3.o)
 .debug_info    0x000036f1      0x8b0 c:/xc32/xc32_v2.05/v2.05/bin/bin/../../lib/gcc/pic32mx/4.8.3/mips16\libgcc.a(_umoddi3.o)
 .debug_info    0x00003fa1      0x23a c:/xc32/xc32_v2.05/v2.05/bin/bin/../../lib/gcc/pic32mx/4.8.3/mips16\libgcc.a(_clz.o)
 .debug_info    0x000041db       0xc8 c:/xc32/xc32_v2.05/v2.05/bin/bin/../../lib/gcc/pic32mx/4.8.3/../../../../pic32mx/lib/mips16\libpic32.a(_mon_write.o)
 .debug_info    0x000042a3       0xc6 c:/xc32/xc32_v2.05/v2.05/bin/bin/../../lib/gcc/pic32mx/4.8.3/../../../../pic32mx/lib/mips16\libpic32.a(_mon_putc.o)

.debug_abbrev   0x00000000      0x83e
 *(.debug_abbrev)
 .debug_abbrev  0x00000000      0x308 controller.o
 .debug_abbrev  0x00000308      0x10e lcd.o
 .debug_abbrev  0x00000416       0x28 c:/xc32/xc32_v2.05/v2.05/bin/bin/../../lib/gcc/pic32mx/4.8.3/../../../../pic32mx/lib/mips16\libpic32.a(default-bootstrap-exception-handler.o)
 .debug_abbrev  0x0000043e       0x28 c:/xc32/xc32_v2.05/v2.05/bin/bin/../../lib/gcc/pic32mx/4.8.3/../../../../pic32mx/lib/mips16\libpic32.a(default-on-reset.o)
 .debug_abbrev  0x00000466       0x28 c:/xc32/xc32_v2.05/v2.05/bin/bin/../../lib/gcc/pic32mx/4.8.3/../../../../pic32mx/lib/mips16\libpic32.a(default-on-bootstrap.o)
 .debug_abbrev  0x0000048e       0x28 c:/xc32/xc32_v2.05/v2.05/bin/bin/../../lib/gcc/pic32mx/4.8.3/../../../../pic32mx/lib/mips16\libpic32.a(default-general-exception-handler.o)
 .debug_abbrev  0x000004b6       0x28 c:/xc32/xc32_v2.05/v2.05/bin/bin/../../lib/gcc/pic32mx/4.8.3/../../../../pic32mx/lib/mips16\libpic32.a(defaultinterrupt.o)
 .debug_abbrev  0x000004de      0x152 c:/xc32/xc32_v2.05/v2.05/bin/bin/../../lib/gcc/pic32mx/4.8.3/mips16\libgcc.a(_udivdi3.o)
 .debug_abbrev  0x00000630      0x16c c:/xc32/xc32_v2.05/v2.05/bin/bin/../../lib/gcc/pic32mx/4.8.3/mips16\libgcc.a(_umoddi3.o)
 .debug_abbrev  0x0000079c       0x52 c:/xc32/xc32_v2.05/v2.05/bin/bin/../../lib/gcc/pic32mx/4.8.3/mips16\libgcc.a(_clz.o)
 .debug_abbrev  0x000007ee       0x28 c:/xc32/xc32_v2.05/v2.05/bin/bin/../../lib/gcc/pic32mx/4.8.3/../../../../pic32mx/lib/mips16\libpic32.a(_mon_write.o)
 .debug_abbrev  0x00000816       0x28 c:/xc32/xc32_v2.05/v2.05/bin/bin/../../lib/gcc/pic32mx/4.8.3/../../../../pic32mx/lib/mips16\libpic32.a(_mon_putc.o)

.debug_line     0x00000000      0xb26
 *(.debug_line)
 .debug_line    0x00000000      0x2c7 controller.o
 .debug_line    0x000002c7      0x13b lcd.o
 .debug_line    0x00000402       0xa5 c:/xc32/xc32_v2.05/v2.05/bin/bin/../../lib/gcc/pic32mx/4.8.3/../../../../pic32mx/lib/mips16\libpic32.a(default-bootstrap-exception-handler.o)
 .debug_line    0x000004a7       0x92 c:/xc32/xc32_v2.05/v2.05/bin/bin/../../lib/gcc/pic32mx/4.8.3/../../../../pic32mx/lib/mips16\libpic32.a(default-on-reset.o)
 .debug_line    0x00000539       0x96 c:/xc32/xc32_v2.05/v2.05/bin/bin/../../lib/gcc/pic32mx/4.8.3/../../../../pic32mx/lib/mips16\libpic32.a(default-on-bootstrap.o)
 .debug_line    0x000005cf       0xa3 c:/xc32/xc32_v2.05/v2.05/bin/bin/../../lib/gcc/pic32mx/4.8.3/../../../../pic32mx/lib/mips16\libpic32.a(default-general-exception-handler.o)
 .debug_line    0x00000672       0xa4 c:/xc32/xc32_v2.05/v2.05/bin/bin/../../lib/gcc/pic32mx/4.8.3/../../../../pic32mx/lib/mips16\libpic32.a(defaultinterrupt.o)
 .debug_line    0x00000716      0x137 c:/xc32/xc32_v2.05/v2.05/bin/bin/../../lib/gcc/pic32mx/4.8.3/mips16\libgcc.a(_udivdi3.o)
 .debug_line    0x0000084d      0x134 c:/xc32/xc32_v2.05/v2.05/bin/bin/../../lib/gcc/pic32mx/4.8.3/mips16\libgcc.a(_umoddi3.o)
 .debug_line    0x00000981       0x8e c:/xc32/xc32_v2.05/v2.05/bin/bin/../../lib/gcc/pic32mx/4.8.3/mips16\libgcc.a(_clz.o)
 .debug_line    0x00000a0f       0x8c c:/xc32/xc32_v2.05/v2.05/bin/bin/../../lib/gcc/pic32mx/4.8.3/../../../../pic32mx/lib/mips16\libpic32.a(_mon_write.o)
 .debug_line    0x00000a9b       0x8b c:/xc32/xc32_v2.05/v2.05/bin/bin/../../lib/gcc/pic32mx/4.8.3/../../../../pic32mx/lib/mips16\libpic32.a(_mon_putc.o)
 .debug_line    0x00000b26        0x0 c:/xc32/xc32_v2.05/v2.05/bin/bin/../../lib/gcc/pic32mx/4.8.3/../../../../pic32mx/lib/mips16\libpic32.a(xc32_uart.o)

.debug_frame    0x00000000      0x5bc
 *(.debug_frame)
 .debug_frame   0x00000000      0x354 controller.o
 .debug_frame   0x00000354      0x10c lcd.o
 .debug_frame   0x00000460       0x2c c:/xc32/xc32_v2.05/v2.05/bin/bin/../../lib/gcc/pic32mx/4.8.3/../../../../pic32mx/lib/mips16\libpic32.a(default-bootstrap-exception-handler.o)
 .debug_frame   0x0000048c       0x20 c:/xc32/xc32_v2.05/v2.05/bin/bin/../../lib/gcc/pic32mx/4.8.3/../../../../pic32mx/lib/mips16\libpic32.a(default-on-reset.o)
 .debug_frame   0x000004ac       0x20 c:/xc32/xc32_v2.05/v2.05/bin/bin/../../lib/gcc/pic32mx/4.8.3/../../../../pic32mx/lib/mips16\libpic32.a(default-on-bootstrap.o)
 .debug_frame   0x000004cc       0x2c c:/xc32/xc32_v2.05/v2.05/bin/bin/../../lib/gcc/pic32mx/4.8.3/../../../../pic32mx/lib/mips16\libpic32.a(default-general-exception-handler.o)
 .debug_frame   0x000004f8       0x20 c:/xc32/xc32_v2.05/v2.05/bin/bin/../../lib/gcc/pic32mx/4.8.3/../../../../pic32mx/lib/mips16\libpic32.a(defaultinterrupt.o)
 .debug_frame   0x00000518       0x28 c:/xc32/xc32_v2.05/v2.05/bin/bin/../../lib/gcc/pic32mx/4.8.3/mips16\libgcc.a(_udivdi3.o)
 .debug_frame   0x00000540       0x28 c:/xc32/xc32_v2.05/v2.05/bin/bin/../../lib/gcc/pic32mx/4.8.3/mips16\libgcc.a(_umoddi3.o)
 .debug_frame   0x00000568       0x2c c:/xc32/xc32_v2.05/v2.05/bin/bin/../../lib/gcc/pic32mx/4.8.3/../../../../pic32mx/lib/mips16\libpic32.a(_mon_write.o)
 .debug_frame   0x00000594       0x28 c:/xc32/xc32_v2.05/v2.05/bin/bin/../../lib/gcc/pic32mx/4.8.3/../../../../pic32mx/lib/mips16\libpic32.a(_mon_putc.o)

.debug_str      0x00000000       0x54
 *(.debug_str)
 .debug_str     0x00000000       0x54 controller.o
 .debug_str     0x00000054        0x0 lcd.o
 .debug_str     0x00000054        0x0 c:/xc32/xc32_v2.05/v2.05/bin/bin/../../lib/gcc/pic32mx/4.8.3/../../../../pic32mx/lib/mips16\libpic32.a(default-bootstrap-exception-handler.o)
 .debug_str     0x00000054        0x0 c:/xc32/xc32_v2.05/v2.05/bin/bin/../../lib/gcc/pic32mx/4.8.3/../../../../pic32mx/lib/mips16\libpic32.a(default-on-reset.o)
 .debug_str     0x00000054        0x0 c:/xc32/xc32_v2.05/v2.05/bin/bin/../../lib/gcc/pic32mx/4.8.3/../../../../pic32mx/lib/mips16\libpic32.a(default-on-bootstrap.o)
 .debug_str     0x00000054        0x0 c:/xc32/xc32_v2.05/v2.05/bin/bin/../../lib/gcc/pic32mx/4.8.3/../../../../pic32mx/lib/mips16\libpic32.a(default-general-exception-handler.o)
 .debug_str     0x00000054        0x0 c:/xc32/xc32_v2.05/v2.05/bin/bin/../../lib/gcc/pic32mx/4.8.3/../../../../pic32mx/lib/mips16\libpic32.a(defaultinterrupt.o)
 .debug_str     0x00000054        0x0 c:/xc32/xc32_v2.05/v2.05/bin/bin/../../lib/gcc/pic32mx/4.8.3/mips16\libgcc.a(_udivdi3.o)
 .debug_str     0x00000054        0x0 c:/xc32/xc32_v2.05/v2.05/bin/bin/../../lib/gcc/pic32mx/4.8.3/mips16\libgcc.a(_umoddi3.o)
 .debug_str     0x00000054        0x0 c:/xc32/xc32_v2.05/v2.05/bin/bin/../../lib/gcc/pic32mx/4.8.3/mips16\libgcc.a(_clz.o)
 .debug_str     0x00000054        0x0 c:/xc32/xc32_v2.05/v2.05/bin/bin/../../lib/gcc/pic32mx/4.8.3/../../../../pic32mx/lib/mips16\libpic32.a(_mon_write.o)
 .debug_str     0x00000054        0x0 c:/xc32/xc32_v2.05/v2.05/bin/bin/../../lib/gcc/pic32mx/4.8.3/../../../../pic32mx/lib/mips16\libpic32.a(_mon_putc.o)
 .debug_str     0x00000054        0x0 c:/xc32/xc32_v2.05/v2.05/bin/bin/../../lib/gcc/pic32mx/4.8.3/../../../../pic32mx/lib/mips16\libpic32.a(xc32_uart.o)

.debug_loc      0x00000000     0x1c63
 *(.debug_loc)
 .debug_loc     0x00000000       0x2c c:/xc32/xc32_v2.05/v2.05/bin/bin/../../lib/gcc/pic32mx/4.8.3/../../../../pic32mx/lib/mips16\libpic32.a(default-bootstrap-exception-handler.o)
 .debug_loc     0x0000002c       0x2c c:/xc32/xc32_v2.05/v2.05/bin/bin/../../lib/gcc/pic32mx/4.8.3/../../../../pic32mx/lib/mips16\libpic32.a(default-general-exception-handler.o)
 .debug_loc     0x00000058      0xe8e c:/xc32/xc32_v2.05/v2.05/bin/bin/../../lib/gcc/pic32mx/4.8.3/mips16\libgcc.a(_udivdi3.o)
 .debug_loc     0x00000ee6      0xd3d c:/xc32/xc32_v2.05/v2.05/bin/bin/../../lib/gcc/pic32mx/4.8.3/mips16\libgcc.a(_umoddi3.o)
 .debug_loc     0x00001c23       0x20 c:/xc32/xc32_v2.05/v2.05/bin/bin/../../lib/gcc/pic32mx/4.8.3/../../../../pic32mx/lib/mips16\libpic32.a(_mon_write.o)
 .debug_loc     0x00001c43       0x20 c:/xc32/xc32_v2.05/v2.05/bin/bin/../../lib/gcc/pic32mx/4.8.3/../../../../pic32mx/lib/mips16\libpic32.a(_mon_putc.o)

.debug_macinfo
 *(.debug_macinfo)

.debug_weaknames
 *(.debug_weaknames)

.debug_funcnames
 *(.debug_funcnames)

.debug_typenames
 *(.debug_typenames)

.debug_varnames
 *(.debug_varnames)

.debug_pubtypes
 *(.debug_pubtypes)

.debug_ranges   0x00000000      0x298
 *(.debug_ranges)
 .debug_ranges  0x00000000       0x10 c:/xc32/xc32_v2.05/v2.05/bin/bin/../../lib/gcc/pic32mx/4.8.3/../../../../pic32mx/lib/mips16\libpic32.a(default-bootstrap-exception-handler.o)
 .debug_ranges  0x00000010       0x10 c:/xc32/xc32_v2.05/v2.05/bin/bin/../../lib/gcc/pic32mx/4.8.3/../../../../pic32mx/lib/mips16\libpic32.a(default-on-reset.o)
 .debug_ranges  0x00000020       0x10 c:/xc32/xc32_v2.05/v2.05/bin/bin/../../lib/gcc/pic32mx/4.8.3/../../../../pic32mx/lib/mips16\libpic32.a(default-on-bootstrap.o)
 .debug_ranges  0x00000030       0x10 c:/xc32/xc32_v2.05/v2.05/bin/bin/../../lib/gcc/pic32mx/4.8.3/../../../../pic32mx/lib/mips16\libpic32.a(default-general-exception-handler.o)
 .debug_ranges  0x00000040       0x10 c:/xc32/xc32_v2.05/v2.05/bin/bin/../../lib/gcc/pic32mx/4.8.3/../../../../pic32mx/lib/mips16\libpic32.a(defaultinterrupt.o)
 .debug_ranges  0x00000050      0x128 c:/xc32/xc32_v2.05/v2.05/bin/bin/../../lib/gcc/pic32mx/4.8.3/mips16\libgcc.a(_udivdi3.o)
 .debug_ranges  0x00000178      0x100 c:/xc32/xc32_v2.05/v2.05/bin/bin/../../lib/gcc/pic32mx/4.8.3/mips16\libgcc.a(_umoddi3.o)
 .debug_ranges  0x00000278       0x10 c:/xc32/xc32_v2.05/v2.05/bin/bin/../../lib/gcc/pic32mx/4.8.3/../../../../pic32mx/lib/mips16\libpic32.a(_mon_write.o)
 .debug_ranges  0x00000288       0x10 c:/xc32/xc32_v2.05/v2.05/bin/bin/../../lib/gcc/pic32mx/4.8.3/../../../../pic32mx/lib/mips16\libpic32.a(_mon_putc.o)

.gnu.attributes
                0x00000000       0x10
 *(.gnu.attributes)
 .gnu.attributes
                0x00000000       0x10 controller.o
 .gnu.attributes
                0x00000010       0x10 lcd.o
 .gnu.attributes
                0x00000020       0x10 c:/xc32/xc32_v2.05/v2.05/bin/bin/../../lib/gcc/pic32mx/4.8.3/../../../../pic32mx/lib/mips16\libpic32.a(default-bootstrap-exception-handler.o)
 .gnu.attributes
                0x00000030       0x10 c:/xc32/xc32_v2.05/v2.05/bin/bin/../../lib/gcc/pic32mx/4.8.3/../../../../pic32mx/lib/mips16\libpic32.a(default-on-reset.o)
 .gnu.attributes
                0x00000040       0x10 c:/xc32/xc32_v2.05/v2.05/bin/bin/../../lib/gcc/pic32mx/4.8.3/../../../../pic32mx/lib/mips16\libpic32.a(default-on-bootstrap.o)
 .gnu.attributes
                0x00000050       0x10 c:/xc32/xc32_v2.05/v2.05/bin/bin/../../lib/gcc/pic32mx/4.8.3/../../../../pic32mx/lib/mips16\libpic32.a(default-general-exception-handler.o)
 .gnu.attributes
                0x00000060       0x10 c:/xc32/xc32_v2.05/v2.05/bin/bin/../../lib/gcc/pic32mx/4.8.3/../../../../pic32mx/lib/mips16\libpic32.a(defaultinterrupt.o)
 .gnu.attributes
                0x00000070       0x10 c:/xc32/xc32_v2.05/v2.05/bin/bin/../../lib/gcc/pic32mx/4.8.3/../../../../pic32mx/lib/mips16\liblega-c.a(_iobdata.o)
 .gnu.attributes
                0x00000080       0x10 c:/xc32/xc32_v2.05/v2.05/bin/bin/../../lib/gcc/pic32mx/4.8.3/../../../../pic32mx/lib/mips16\liblega-c.a(_iobfuncs.o)
 .gnu.attributes
                0x00000090       0x10 c:/xc32/xc32_v2.05/v2.05/bin/bin/../../lib/gcc/pic32mx/4.8.3/../../../../pic32mx/lib/mips16\liblega-c.a(fputc.o)
 .gnu.attributes
                0x000000a0       0x10 c:/xc32/xc32_v2.05/v2.05/bin/bin/../../lib/gcc/pic32mx/4.8.3/../../../../pic32mx/lib/mips16\liblega-c.a(fputs.o)
 .gnu.attributes
                0x000000b0       0x10 c:/xc32/xc32_v2.05/v2.05/bin/bin/../../lib/gcc/pic32mx/4.8.3/../../../../pic32mx/lib/mips16\liblega-c.a(printf_s.eo)
 .gnu.attributes
                0x000000c0       0x10 c:/xc32/xc32_v2.05/v2.05/bin/bin/../../lib/gcc/pic32mx/4.8.3/../../../../pic32mx/lib/mips16\liblega-c.a(sprintf_cdnopuxX.eo)
 .gnu.attributes
                0x000000d0       0x10 c:/xc32/xc32_v2.05/v2.05/bin/bin/../../lib/gcc/pic32mx/4.8.3/../../../../pic32mx/lib/mips16\liblega-c.a(errno.o)
 .gnu.attributes
                0x000000e0       0x10 c:/xc32/xc32_v2.05/v2.05/bin/bin/../../lib/gcc/pic32mx/4.8.3/../../../../pic32mx/lib/mips16\liblega-c.a(_iobstring.o)
 .gnu.attributes
                0x000000f0       0x10 c:/xc32/xc32_v2.05/v2.05/bin/bin/../../lib/gcc/pic32mx/4.8.3/mips16\libgcc.a(_udivdi3.o)
 .gnu.attributes
                0x00000100       0x10 c:/xc32/xc32_v2.05/v2.05/bin/bin/../../lib/gcc/pic32mx/4.8.3/mips16\libgcc.a(_umoddi3.o)
 .gnu.attributes
                0x00000110       0x10 c:/xc32/xc32_v2.05/v2.05/bin/bin/../../lib/gcc/pic32mx/4.8.3/mips16\libgcc.a(_clz.o)
 .gnu.attributes
                0x00000120       0x10 c:/xc32/xc32_v2.05/v2.05/bin/bin/../../lib/gcc/pic32mx/4.8.3/../../../../pic32mx/lib/mips16\libpic32.a(_mon_write.o)
 .gnu.attributes
                0x00000130       0x10 c:/xc32/xc32_v2.05/v2.05/bin/bin/../../lib/gcc/pic32mx/4.8.3/../../../../pic32mx/lib/mips16\libpic32.a(_mon_putc.o)
 .gnu.attributes
                0x00000140       0x10 c:/xc32/xc32_v2.05/v2.05/bin/bin/../../lib/gcc/pic32mx/4.8.3/../../../../pic32mx/lib/mips16\libpic32.a(xc32_uart.o)
 .gnu.attributes
                0x00000150       0x10 c:/xc32/xc32_v2.05/v2.05/bin/bin/../../lib/gcc/pic32mx/4.8.3/../../../../pic32mx/lib/mips16\liblega-c.a(_doprnt_cdnopsuxX.eo)
LOAD c:/xc32/xc32_v2.05/v2.05/bin/bin/../../lib/gcc/pic32mx/4.8.3/mips16\libgcc.a
START GROUP
LOAD c:/xc32/xc32_v2.05/v2.05/bin/bin/../../lib/gcc/pic32mx/4.8.3/../../../../pic32mx/lib/mips16\libpic32.a
LOAD c:/xc32/xc32_v2.05/v2.05/bin/bin/../../lib/gcc/pic32mx/4.8.3/../../../../pic32mx/lib/mips16\libdebug.a
LOAD c:/xc32/xc32_v2.05/v2.05/bin/bin/../../lib/gcc/pic32mx/4.8.3/../../../../pic32mx/lib/mips16\libpic32.a
LOAD c:/xc32/xc32_v2.05/v2.05/bin/bin/../../lib/gcc/pic32mx/4.8.3/../../../../pic32mx/lib/mips16\liblega-c.a
LOAD c:/xc32/xc32_v2.05/v2.05/bin/bin/../../lib/gcc/pic32mx/4.8.3/../../../../pic32mx/lib/mips16\libm.a
LOAD c:/xc32/xc32_v2.05/v2.05/bin/bin/../../lib/gcc/pic32mx/4.8.3/../../../../pic32mx/lib/mips16\libe.a
LOAD c:/xc32/xc32_v2.05/v2.05/bin/bin/../../lib/gcc/pic32mx/4.8.3/../../../../pic32mx/lib/mips16\libdsp.a
LOAD c:/xc32/xc32_v2.05/v2.05/bin/bin/../../lib/gcc/pic32mx/4.8.3/mips16\libgcc.a
LOAD c:/xc32/xc32_v2.05/v2.05/bin/bin/../../lib/gcc/pic32mx/4.8.3/../../../../pic32mx/lib/mips16\libpic32.a
END GROUP
LOAD c:/xc32/xc32_v2.05/v2.05/bin/bin/../../lib/gcc/pic32mx/4.8.3/mips16\libgcc.a
OUTPUT(controller.elf elf32-tradlittlemips)
LOAD stack
LOAD data_init

.reginfo        0x00000000       0x18
 .reginfo       0x00000000       0x18 c:/xc32/xc32_v2.05/v2.05/bin/bin/../../lib/gcc/pic32mx/4.8.3/../../../../pic32mx/lib/./proc/32MX130F064B/crt0_mips32r2.o

.stack          0xa00001c0      0x400
 .stack         0xa00001c0      0x400 stack

.data           0xa0000020       0xd4
 .data          0xa0000020       0xd4 c:/xc32/xc32_v2.05/v2.05/bin/bin/../../lib/gcc/pic32mx/4.8.3/../../../../pic32mx/lib/mips16\liblega-c.a(_iobdata.o)

.bss            0xa00000f4       0x88
 .bss           0xa00000f4       0x88 c:/xc32/xc32_v2.05/v2.05/bin/bin/../../lib/gcc/pic32mx/4.8.3/../../../../pic32mx/lib/mips16\liblega-c.a(_iobdata.o)

.data           0xa000017c       0x14
 .data          0xa000017c       0x14 controller.o
                0xa000017c                HexDigit

.bss%z1         0x00000000        0x0
 .bss           0x00000000        0x0 c:/xc32/xc32_v2.05/v2.05/bin/bin/../../lib/gcc/pic32mx/4.8.3/../../../../pic32mx/lib/mips16\liblega-c.a(_doprnt_cdnopsuxX.eo)

.data%z2        0x00000000        0x0
 .data          0x00000000        0x0 c:/xc32/xc32_v2.05/v2.05/bin/bin/../../lib/gcc/pic32mx/4.8.3/../../../../pic32mx/lib/mips16\liblega-c.a(_doprnt_cdnopsuxX.eo)

.bss%z3         0x00000000        0x0
 .bss           0x00000000        0x0 c:/xc32/xc32_v2.05/v2.05/bin/bin/../../lib/gcc/pic32mx/4.8.3/../../../../pic32mx/lib/mips16\libpic32.a(xc32_uart.o)

.data%z4        0x00000000        0x0
 .data          0x00000000        0x0 c:/xc32/xc32_v2.05/v2.05/bin/bin/../../lib/gcc/pic32mx/4.8.3/../../../../pic32mx/lib/mips16\libpic32.a(xc32_uart.o)

.bss%z5         0x00000000        0x0
 .bss           0x00000000        0x0 c:/xc32/xc32_v2.05/v2.05/bin/bin/../../lib/gcc/pic32mx/4.8.3/../../../../pic32mx/lib/mips16\libpic32.a(_mon_putc.o)

.data%z6        0x00000000        0x0
 .data          0x00000000        0x0 c:/xc32/xc32_v2.05/v2.05/bin/bin/../../lib/gcc/pic32mx/4.8.3/../../../../pic32mx/lib/mips16\libpic32.a(_mon_putc.o)

.bss%z7         0x00000000        0x0
 .bss           0x00000000        0x0 c:/xc32/xc32_v2.05/v2.05/bin/bin/../../lib/gcc/pic32mx/4.8.3/../../../../pic32mx/lib/mips16\libpic32.a(_mon_write.o)

.data%z8        0x00000000        0x0
 .data          0x00000000        0x0 c:/xc32/xc32_v2.05/v2.05/bin/bin/../../lib/gcc/pic32mx/4.8.3/../../../../pic32mx/lib/mips16\libpic32.a(_mon_write.o)

.bss%z9         0x00000000        0x0
 .bss           0x00000000        0x0 c:/xc32/xc32_v2.05/v2.05/bin/bin/../../lib/gcc/pic32mx/4.8.3/mips16\libgcc.a(_clz.o)

.data%z10       0x00000000        0x0
 .data          0x00000000        0x0 c:/xc32/xc32_v2.05/v2.05/bin/bin/../../lib/gcc/pic32mx/4.8.3/mips16\libgcc.a(_clz.o)

.bss%z11        0x00000000        0x0
 .bss           0x00000000        0x0 c:/xc32/xc32_v2.05/v2.05/bin/bin/../../lib/gcc/pic32mx/4.8.3/mips16\libgcc.a(_umoddi3.o)

.data%z12       0x00000000        0x0
 .data          0x00000000        0x0 c:/xc32/xc32_v2.05/v2.05/bin/bin/../../lib/gcc/pic32mx/4.8.3/mips16\libgcc.a(_umoddi3.o)

.bss%z13        0x00000000        0x0
 .bss           0x00000000        0x0 c:/xc32/xc32_v2.05/v2.05/bin/bin/../../lib/gcc/pic32mx/4.8.3/mips16\libgcc.a(_udivdi3.o)

.data%z14       0x00000000        0x0
 .data          0x00000000        0x0 c:/xc32/xc32_v2.05/v2.05/bin/bin/../../lib/gcc/pic32mx/4.8.3/mips16\libgcc.a(_udivdi3.o)

.bss%z15        0x00000000        0x0
 .bss           0x00000000        0x0 c:/xc32/xc32_v2.05/v2.05/bin/bin/../../lib/gcc/pic32mx/4.8.3/../../../../pic32mx/lib/mips16\liblega-c.a(_iobstring.o)

.data%z16       0x00000000        0x0
 .data          0x00000000        0x0 c:/xc32/xc32_v2.05/v2.05/bin/bin/../../lib/gcc/pic32mx/4.8.3/../../../../pic32mx/lib/mips16\liblega-c.a(_iobstring.o)

.bss%z17        0x00000000        0x0
 .bss           0x00000000        0x0 c:/xc32/xc32_v2.05/v2.05/bin/bin/../../lib/gcc/pic32mx/4.8.3/../../../../pic32mx/lib/mips16\liblega-c.a(errno.o)

.data%z18       0x00000000        0x0
 .data          0x00000000        0x0 c:/xc32/xc32_v2.05/v2.05/bin/bin/../../lib/gcc/pic32mx/4.8.3/../../../../pic32mx/lib/mips16\liblega-c.a(errno.o)

.bss%z19        0x00000000        0x0
 .bss           0x00000000        0x0 c:/xc32/xc32_v2.05/v2.05/bin/bin/../../lib/gcc/pic32mx/4.8.3/../../../../pic32mx/lib/mips16\liblega-c.a(sprintf_cdnopuxX.eo)

.data%z20       0x00000000        0x0
 .data          0x00000000        0x0 c:/xc32/xc32_v2.05/v2.05/bin/bin/../../lib/gcc/pic32mx/4.8.3/../../../../pic32mx/lib/mips16\liblega-c.a(sprintf_cdnopuxX.eo)

.bss%z21        0x00000000        0x0
 .bss           0x00000000        0x0 c:/xc32/xc32_v2.05/v2.05/bin/bin/../../lib/gcc/pic32mx/4.8.3/../../../../pic32mx/lib/mips16\liblega-c.a(printf_s.eo)

.data%z22       0x00000000        0x0
 .data          0x00000000        0x0 c:/xc32/xc32_v2.05/v2.05/bin/bin/../../lib/gcc/pic32mx/4.8.3/../../../../pic32mx/lib/mips16\liblega-c.a(printf_s.eo)

.bss%z23        0x00000000        0x0
 .bss           0x00000000        0x0 c:/xc32/xc32_v2.05/v2.05/bin/bin/../../lib/gcc/pic32mx/4.8.3/../../../../pic32mx/lib/mips16\liblega-c.a(fputs.o)

.data%z24       0x00000000        0x0
 .data          0x00000000        0x0 c:/xc32/xc32_v2.05/v2.05/bin/bin/../../lib/gcc/pic32mx/4.8.3/../../../../pic32mx/lib/mips16\liblega-c.a(fputs.o)

.bss%z25        0x00000000        0x0
 .bss           0x00000000        0x0 c:/xc32/xc32_v2.05/v2.05/bin/bin/../../lib/gcc/pic32mx/4.8.3/../../../../pic32mx/lib/mips16\liblega-c.a(fputc.o)

.data%z26       0x00000000        0x0
 .data          0x00000000        0x0 c:/xc32/xc32_v2.05/v2.05/bin/bin/../../lib/gcc/pic32mx/4.8.3/../../../../pic32mx/lib/mips16\liblega-c.a(fputc.o)

.bss%z27        0x00000000        0x0
 .bss           0x00000000        0x0 c:/xc32/xc32_v2.05/v2.05/bin/bin/../../lib/gcc/pic32mx/4.8.3/../../../../pic32mx/lib/mips16\liblega-c.a(_iobfuncs.o)

.data%z28       0x00000000        0x0
 .data          0x00000000        0x0 c:/xc32/xc32_v2.05/v2.05/bin/bin/../../lib/gcc/pic32mx/4.8.3/../../../../pic32mx/lib/mips16\liblega-c.a(_iobfuncs.o)

.bss%z29        0x00000000        0x0
 .bss           0x00000000        0x0 c:/xc32/xc32_v2.05/v2.05/bin/bin/../../lib/gcc/pic32mx/4.8.3/../../../../pic32mx/lib/mips16\libpic32.a(defaultinterrupt.o)

.data%z30       0x00000000        0x0
 .data          0x00000000        0x0 c:/xc32/xc32_v2.05/v2.05/bin/bin/../../lib/gcc/pic32mx/4.8.3/../../../../pic32mx/lib/mips16\libpic32.a(defaultinterrupt.o)

.bss%z31        0x00000000        0x0
 .bss           0x00000000        0x0 c:/xc32/xc32_v2.05/v2.05/bin/bin/../../lib/gcc/pic32mx/4.8.3/../../../../pic32mx/lib/mips16\libpic32.a(default-general-exception-handler.o)

.data%z32       0x00000000        0x0
 .data          0x00000000        0x0 c:/xc32/xc32_v2.05/v2.05/bin/bin/../../lib/gcc/pic32mx/4.8.3/../../../../pic32mx/lib/mips16\libpic32.a(default-general-exception-handler.o)

.bss%z33        0x00000000        0x0
 .bss           0x00000000        0x0 c:/xc32/xc32_v2.05/v2.05/bin/bin/../../lib/gcc/pic32mx/4.8.3/../../../../pic32mx/lib/mips16\libpic32.a(vector43.o)

.data%z34       0x00000000        0x0
 .data          0x00000000        0x0 c:/xc32/xc32_v2.05/v2.05/bin/bin/../../lib/gcc/pic32mx/4.8.3/../../../../pic32mx/lib/mips16\libpic32.a(vector43.o)

.bss%z35        0x00000000        0x0
 .bss           0x00000000        0x0 c:/xc32/xc32_v2.05/v2.05/bin/bin/../../lib/gcc/pic32mx/4.8.3/../../../../pic32mx/lib/mips16\libpic32.a(vector42.o)

.data%z36       0x00000000        0x0
 .data          0x00000000        0x0 c:/xc32/xc32_v2.05/v2.05/bin/bin/../../lib/gcc/pic32mx/4.8.3/../../../../pic32mx/lib/mips16\libpic32.a(vector42.o)

.bss%z37        0x00000000        0x0
 .bss           0x00000000        0x0 c:/xc32/xc32_v2.05/v2.05/bin/bin/../../lib/gcc/pic32mx/4.8.3/../../../../pic32mx/lib/mips16\libpic32.a(vector41.o)

.data%z38       0x00000000        0x0
 .data          0x00000000        0x0 c:/xc32/xc32_v2.05/v2.05/bin/bin/../../lib/gcc/pic32mx/4.8.3/../../../../pic32mx/lib/mips16\libpic32.a(vector41.o)

.bss%z39        0x00000000        0x0
 .bss           0x00000000        0x0 c:/xc32/xc32_v2.05/v2.05/bin/bin/../../lib/gcc/pic32mx/4.8.3/../../../../pic32mx/lib/mips16\libpic32.a(vector40.o)

.data%z40       0x00000000        0x0
 .data          0x00000000        0x0 c:/xc32/xc32_v2.05/v2.05/bin/bin/../../lib/gcc/pic32mx/4.8.3/../../../../pic32mx/lib/mips16\libpic32.a(vector40.o)

.bss%z41        0x00000000        0x0
 .bss           0x00000000        0x0 c:/xc32/xc32_v2.05/v2.05/bin/bin/../../lib/gcc/pic32mx/4.8.3/../../../../pic32mx/lib/mips16\libpic32.a(vector39.o)

.data%z42       0x00000000        0x0
 .data          0x00000000        0x0 c:/xc32/xc32_v2.05/v2.05/bin/bin/../../lib/gcc/pic32mx/4.8.3/../../../../pic32mx/lib/mips16\libpic32.a(vector39.o)

.bss%z43        0x00000000        0x0
 .bss           0x00000000        0x0 c:/xc32/xc32_v2.05/v2.05/bin/bin/../../lib/gcc/pic32mx/4.8.3/../../../../pic32mx/lib/mips16\libpic32.a(vector38.o)

.data%z44       0x00000000        0x0
 .data          0x00000000        0x0 c:/xc32/xc32_v2.05/v2.05/bin/bin/../../lib/gcc/pic32mx/4.8.3/../../../../pic32mx/lib/mips16\libpic32.a(vector38.o)

.bss%z45        0x00000000        0x0
 .bss           0x00000000        0x0 c:/xc32/xc32_v2.05/v2.05/bin/bin/../../lib/gcc/pic32mx/4.8.3/../../../../pic32mx/lib/mips16\libpic32.a(vector37.o)

.data%z46       0x00000000        0x0
 .data          0x00000000        0x0 c:/xc32/xc32_v2.05/v2.05/bin/bin/../../lib/gcc/pic32mx/4.8.3/../../../../pic32mx/lib/mips16\libpic32.a(vector37.o)

.bss%z47        0x00000000        0x0
 .bss           0x00000000        0x0 c:/xc32/xc32_v2.05/v2.05/bin/bin/../../lib/gcc/pic32mx/4.8.3/../../../../pic32mx/lib/mips16\libpic32.a(vector36.o)

.data%z48       0x00000000        0x0
 .data          0x00000000        0x0 c:/xc32/xc32_v2.05/v2.05/bin/bin/../../lib/gcc/pic32mx/4.8.3/../../../../pic32mx/lib/mips16\libpic32.a(vector36.o)

.bss%z49        0x00000000        0x0
 .bss           0x00000000        0x0 c:/xc32/xc32_v2.05/v2.05/bin/bin/../../lib/gcc/pic32mx/4.8.3/../../../../pic32mx/lib/mips16\libpic32.a(vector35.o)

.data%z50       0x00000000        0x0
 .data          0x00000000        0x0 c:/xc32/xc32_v2.05/v2.05/bin/bin/../../lib/gcc/pic32mx/4.8.3/../../../../pic32mx/lib/mips16\libpic32.a(vector35.o)

.bss%z51        0x00000000        0x0
 .bss           0x00000000        0x0 c:/xc32/xc32_v2.05/v2.05/bin/bin/../../lib/gcc/pic32mx/4.8.3/../../../../pic32mx/lib/mips16\libpic32.a(vector34.o)

.data%z52       0x00000000        0x0
 .data          0x00000000        0x0 c:/xc32/xc32_v2.05/v2.05/bin/bin/../../lib/gcc/pic32mx/4.8.3/../../../../pic32mx/lib/mips16\libpic32.a(vector34.o)

.bss%z53        0x00000000        0x0
 .bss           0x00000000        0x0 c:/xc32/xc32_v2.05/v2.05/bin/bin/../../lib/gcc/pic32mx/4.8.3/../../../../pic32mx/lib/mips16\libpic32.a(vector33.o)

.data%z54       0x00000000        0x0
 .data          0x00000000        0x0 c:/xc32/xc32_v2.05/v2.05/bin/bin/../../lib/gcc/pic32mx/4.8.3/../../../../pic32mx/lib/mips16\libpic32.a(vector33.o)

.bss%z55        0x00000000        0x0
 .bss           0x00000000        0x0 c:/xc32/xc32_v2.05/v2.05/bin/bin/../../lib/gcc/pic32mx/4.8.3/../../../../pic32mx/lib/mips16\libpic32.a(vector32.o)

.data%z56       0x00000000        0x0
 .data          0x00000000        0x0 c:/xc32/xc32_v2.05/v2.05/bin/bin/../../lib/gcc/pic32mx/4.8.3/../../../../pic32mx/lib/mips16\libpic32.a(vector32.o)

.bss%z57        0x00000000        0x0
 .bss           0x00000000        0x0 c:/xc32/xc32_v2.05/v2.05/bin/bin/../../lib/gcc/pic32mx/4.8.3/../../../../pic32mx/lib/mips16\libpic32.a(vector31.o)

.data%z58       0x00000000        0x0
 .data          0x00000000        0x0 c:/xc32/xc32_v2.05/v2.05/bin/bin/../../lib/gcc/pic32mx/4.8.3/../../../../pic32mx/lib/mips16\libpic32.a(vector31.o)

.bss%z59        0x00000000        0x0
 .bss           0x00000000        0x0 c:/xc32/xc32_v2.05/v2.05/bin/bin/../../lib/gcc/pic32mx/4.8.3/../../../../pic32mx/lib/mips16\libpic32.a(vector30.o)

.data%z60       0x00000000        0x0
 .data          0x00000000        0x0 c:/xc32/xc32_v2.05/v2.05/bin/bin/../../lib/gcc/pic32mx/4.8.3/../../../../pic32mx/lib/mips16\libpic32.a(vector30.o)

.bss%z61        0x00000000        0x0
 .bss           0x00000000        0x0 c:/xc32/xc32_v2.05/v2.05/bin/bin/../../lib/gcc/pic32mx/4.8.3/../../../../pic32mx/lib/mips16\libpic32.a(vector29.o)

.data%z62       0x00000000        0x0
 .data          0x00000000        0x0 c:/xc32/xc32_v2.05/v2.05/bin/bin/../../lib/gcc/pic32mx/4.8.3/../../../../pic32mx/lib/mips16\libpic32.a(vector29.o)

.bss%z63        0x00000000        0x0
 .bss           0x00000000        0x0 c:/xc32/xc32_v2.05/v2.05/bin/bin/../../lib/gcc/pic32mx/4.8.3/../../../../pic32mx/lib/mips16\libpic32.a(vector28.o)

.data%z64       0x00000000        0x0
 .data          0x00000000        0x0 c:/xc32/xc32_v2.05/v2.05/bin/bin/../../lib/gcc/pic32mx/4.8.3/../../../../pic32mx/lib/mips16\libpic32.a(vector28.o)

.bss%z65        0x00000000        0x0
 .bss           0x00000000        0x0 c:/xc32/xc32_v2.05/v2.05/bin/bin/../../lib/gcc/pic32mx/4.8.3/../../../../pic32mx/lib/mips16\libpic32.a(vector27.o)

.data%z66       0x00000000        0x0
 .data          0x00000000        0x0 c:/xc32/xc32_v2.05/v2.05/bin/bin/../../lib/gcc/pic32mx/4.8.3/../../../../pic32mx/lib/mips16\libpic32.a(vector27.o)

.bss%z67        0x00000000        0x0
 .bss           0x00000000        0x0 c:/xc32/xc32_v2.05/v2.05/bin/bin/../../lib/gcc/pic32mx/4.8.3/../../../../pic32mx/lib/mips16\libpic32.a(vector26.o)

.data%z68       0x00000000        0x0
 .data          0x00000000        0x0 c:/xc32/xc32_v2.05/v2.05/bin/bin/../../lib/gcc/pic32mx/4.8.3/../../../../pic32mx/lib/mips16\libpic32.a(vector26.o)

.bss%z69        0x00000000        0x0
 .bss           0x00000000        0x0 c:/xc32/xc32_v2.05/v2.05/bin/bin/../../lib/gcc/pic32mx/4.8.3/../../../../pic32mx/lib/mips16\libpic32.a(vector25.o)

.data%z70       0x00000000        0x0
 .data          0x00000000        0x0 c:/xc32/xc32_v2.05/v2.05/bin/bin/../../lib/gcc/pic32mx/4.8.3/../../../../pic32mx/lib/mips16\libpic32.a(vector25.o)

.bss%z71        0x00000000        0x0
 .bss           0x00000000        0x0 c:/xc32/xc32_v2.05/v2.05/bin/bin/../../lib/gcc/pic32mx/4.8.3/../../../../pic32mx/lib/mips16\libpic32.a(vector24.o)

.data%z72       0x00000000        0x0
 .data          0x00000000        0x0 c:/xc32/xc32_v2.05/v2.05/bin/bin/../../lib/gcc/pic32mx/4.8.3/../../../../pic32mx/lib/mips16\libpic32.a(vector24.o)

.bss%z73        0x00000000        0x0
 .bss           0x00000000        0x0 c:/xc32/xc32_v2.05/v2.05/bin/bin/../../lib/gcc/pic32mx/4.8.3/../../../../pic32mx/lib/mips16\libpic32.a(vector23.o)

.data%z74       0x00000000        0x0
 .data          0x00000000        0x0 c:/xc32/xc32_v2.05/v2.05/bin/bin/../../lib/gcc/pic32mx/4.8.3/../../../../pic32mx/lib/mips16\libpic32.a(vector23.o)

.bss%z75        0x00000000        0x0
 .bss           0x00000000        0x0 c:/xc32/xc32_v2.05/v2.05/bin/bin/../../lib/gcc/pic32mx/4.8.3/../../../../pic32mx/lib/mips16\libpic32.a(vector22.o)

.data%z76       0x00000000        0x0
 .data          0x00000000        0x0 c:/xc32/xc32_v2.05/v2.05/bin/bin/../../lib/gcc/pic32mx/4.8.3/../../../../pic32mx/lib/mips16\libpic32.a(vector22.o)

.bss%z77        0x00000000        0x0
 .bss           0x00000000        0x0 c:/xc32/xc32_v2.05/v2.05/bin/bin/../../lib/gcc/pic32mx/4.8.3/../../../../pic32mx/lib/mips16\libpic32.a(vector21.o)

.data%z78       0x00000000        0x0
 .data          0x00000000        0x0 c:/xc32/xc32_v2.05/v2.05/bin/bin/../../lib/gcc/pic32mx/4.8.3/../../../../pic32mx/lib/mips16\libpic32.a(vector21.o)

.bss%z79        0x00000000        0x0
 .bss           0x00000000        0x0 c:/xc32/xc32_v2.05/v2.05/bin/bin/../../lib/gcc/pic32mx/4.8.3/../../../../pic32mx/lib/mips16\libpic32.a(vector20.o)

.data%z80       0x00000000        0x0
 .data          0x00000000        0x0 c:/xc32/xc32_v2.05/v2.05/bin/bin/../../lib/gcc/pic32mx/4.8.3/../../../../pic32mx/lib/mips16\libpic32.a(vector20.o)

.bss%z81        0x00000000        0x0
 .bss           0x00000000        0x0 c:/xc32/xc32_v2.05/v2.05/bin/bin/../../lib/gcc/pic32mx/4.8.3/../../../../pic32mx/lib/mips16\libpic32.a(vector19.o)

.data%z82       0x00000000        0x0
 .data          0x00000000        0x0 c:/xc32/xc32_v2.05/v2.05/bin/bin/../../lib/gcc/pic32mx/4.8.3/../../../../pic32mx/lib/mips16\libpic32.a(vector19.o)

.bss%z83        0x00000000        0x0
 .bss           0x00000000        0x0 c:/xc32/xc32_v2.05/v2.05/bin/bin/../../lib/gcc/pic32mx/4.8.3/../../../../pic32mx/lib/mips16\libpic32.a(vector18.o)

.data%z84       0x00000000        0x0
 .data          0x00000000        0x0 c:/xc32/xc32_v2.05/v2.05/bin/bin/../../lib/gcc/pic32mx/4.8.3/../../../../pic32mx/lib/mips16\libpic32.a(vector18.o)

.bss%z85        0x00000000        0x0
 .bss           0x00000000        0x0 c:/xc32/xc32_v2.05/v2.05/bin/bin/../../lib/gcc/pic32mx/4.8.3/../../../../pic32mx/lib/mips16\libpic32.a(vector17.o)

.data%z86       0x00000000        0x0
 .data          0x00000000        0x0 c:/xc32/xc32_v2.05/v2.05/bin/bin/../../lib/gcc/pic32mx/4.8.3/../../../../pic32mx/lib/mips16\libpic32.a(vector17.o)

.bss%z87        0x00000000        0x0
 .bss           0x00000000        0x0 c:/xc32/xc32_v2.05/v2.05/bin/bin/../../lib/gcc/pic32mx/4.8.3/../../../../pic32mx/lib/mips16\libpic32.a(vector16.o)

.data%z88       0x00000000        0x0
 .data          0x00000000        0x0 c:/xc32/xc32_v2.05/v2.05/bin/bin/../../lib/gcc/pic32mx/4.8.3/../../../../pic32mx/lib/mips16\libpic32.a(vector16.o)

.bss%z89        0x00000000        0x0
 .bss           0x00000000        0x0 c:/xc32/xc32_v2.05/v2.05/bin/bin/../../lib/gcc/pic32mx/4.8.3/../../../../pic32mx/lib/mips16\libpic32.a(vector15.o)

.data%z90       0x00000000        0x0
 .data          0x00000000        0x0 c:/xc32/xc32_v2.05/v2.05/bin/bin/../../lib/gcc/pic32mx/4.8.3/../../../../pic32mx/lib/mips16\libpic32.a(vector15.o)

.bss%z91        0x00000000        0x0
 .bss           0x00000000        0x0 c:/xc32/xc32_v2.05/v2.05/bin/bin/../../lib/gcc/pic32mx/4.8.3/../../../../pic32mx/lib/mips16\libpic32.a(vector14.o)

.data%z92       0x00000000        0x0
 .data          0x00000000        0x0 c:/xc32/xc32_v2.05/v2.05/bin/bin/../../lib/gcc/pic32mx/4.8.3/../../../../pic32mx/lib/mips16\libpic32.a(vector14.o)

.bss%z93        0x00000000        0x0
 .bss           0x00000000        0x0 c:/xc32/xc32_v2.05/v2.05/bin/bin/../../lib/gcc/pic32mx/4.8.3/../../../../pic32mx/lib/mips16\libpic32.a(vector13.o)

.data%z94       0x00000000        0x0
 .data          0x00000000        0x0 c:/xc32/xc32_v2.05/v2.05/bin/bin/../../lib/gcc/pic32mx/4.8.3/../../../../pic32mx/lib/mips16\libpic32.a(vector13.o)

.bss%z95        0x00000000        0x0
 .bss           0x00000000        0x0 c:/xc32/xc32_v2.05/v2.05/bin/bin/../../lib/gcc/pic32mx/4.8.3/../../../../pic32mx/lib/mips16\libpic32.a(vector12.o)

.data%z96       0x00000000        0x0
 .data          0x00000000        0x0 c:/xc32/xc32_v2.05/v2.05/bin/bin/../../lib/gcc/pic32mx/4.8.3/../../../../pic32mx/lib/mips16\libpic32.a(vector12.o)

.bss%z97        0x00000000        0x0
 .bss           0x00000000        0x0 c:/xc32/xc32_v2.05/v2.05/bin/bin/../../lib/gcc/pic32mx/4.8.3/../../../../pic32mx/lib/mips16\libpic32.a(vector11.o)

.data%z98       0x00000000        0x0
 .data          0x00000000        0x0 c:/xc32/xc32_v2.05/v2.05/bin/bin/../../lib/gcc/pic32mx/4.8.3/../../../../pic32mx/lib/mips16\libpic32.a(vector11.o)

.bss%z99        0x00000000        0x0
 .bss           0x00000000        0x0 c:/xc32/xc32_v2.05/v2.05/bin/bin/../../lib/gcc/pic32mx/4.8.3/../../../../pic32mx/lib/mips16\libpic32.a(vector10.o)

.data%z100      0x00000000        0x0
 .data          0x00000000        0x0 c:/xc32/xc32_v2.05/v2.05/bin/bin/../../lib/gcc/pic32mx/4.8.3/../../../../pic32mx/lib/mips16\libpic32.a(vector10.o)

.bss%z101       0x00000000        0x0
 .bss           0x00000000        0x0 c:/xc32/xc32_v2.05/v2.05/bin/bin/../../lib/gcc/pic32mx/4.8.3/../../../../pic32mx/lib/mips16\libpic32.a(vector9.o)

.data%z102      0x00000000        0x0
 .data          0x00000000        0x0 c:/xc32/xc32_v2.05/v2.05/bin/bin/../../lib/gcc/pic32mx/4.8.3/../../../../pic32mx/lib/mips16\libpic32.a(vector9.o)

.bss%z103       0x00000000        0x0
 .bss           0x00000000        0x0 c:/xc32/xc32_v2.05/v2.05/bin/bin/../../lib/gcc/pic32mx/4.8.3/../../../../pic32mx/lib/mips16\libpic32.a(vector8.o)

.data%z104      0x00000000        0x0
 .data          0x00000000        0x0 c:/xc32/xc32_v2.05/v2.05/bin/bin/../../lib/gcc/pic32mx/4.8.3/../../../../pic32mx/lib/mips16\libpic32.a(vector8.o)

.bss%z105       0x00000000        0x0
 .bss           0x00000000        0x0 c:/xc32/xc32_v2.05/v2.05/bin/bin/../../lib/gcc/pic32mx/4.8.3/../../../../pic32mx/lib/mips16\libpic32.a(vector7.o)

.data%z106      0x00000000        0x0
 .data          0x00000000        0x0 c:/xc32/xc32_v2.05/v2.05/bin/bin/../../lib/gcc/pic32mx/4.8.3/../../../../pic32mx/lib/mips16\libpic32.a(vector7.o)

.bss%z107       0x00000000        0x0
 .bss           0x00000000        0x0 c:/xc32/xc32_v2.05/v2.05/bin/bin/../../lib/gcc/pic32mx/4.8.3/../../../../pic32mx/lib/mips16\libpic32.a(vector6.o)

.data%z108      0x00000000        0x0
 .data          0x00000000        0x0 c:/xc32/xc32_v2.05/v2.05/bin/bin/../../lib/gcc/pic32mx/4.8.3/../../../../pic32mx/lib/mips16\libpic32.a(vector6.o)

.bss%z109       0x00000000        0x0
 .bss           0x00000000        0x0 c:/xc32/xc32_v2.05/v2.05/bin/bin/../../lib/gcc/pic32mx/4.8.3/../../../../pic32mx/lib/mips16\libpic32.a(vector5.o)

.data%z110      0x00000000        0x0
 .data          0x00000000        0x0 c:/xc32/xc32_v2.05/v2.05/bin/bin/../../lib/gcc/pic32mx/4.8.3/../../../../pic32mx/lib/mips16\libpic32.a(vector5.o)

.bss%z111       0x00000000        0x0
 .bss           0x00000000        0x0 c:/xc32/xc32_v2.05/v2.05/bin/bin/../../lib/gcc/pic32mx/4.8.3/../../../../pic32mx/lib/mips16\libpic32.a(vector3.o)

.data%z112      0x00000000        0x0
 .data          0x00000000        0x0 c:/xc32/xc32_v2.05/v2.05/bin/bin/../../lib/gcc/pic32mx/4.8.3/../../../../pic32mx/lib/mips16\libpic32.a(vector3.o)

.bss%z113       0x00000000        0x0
 .bss           0x00000000        0x0 c:/xc32/xc32_v2.05/v2.05/bin/bin/../../lib/gcc/pic32mx/4.8.3/../../../../pic32mx/lib/mips16\libpic32.a(vector2.o)

.data%z114      0x00000000        0x0
 .data          0x00000000        0x0 c:/xc32/xc32_v2.05/v2.05/bin/bin/../../lib/gcc/pic32mx/4.8.3/../../../../pic32mx/lib/mips16\libpic32.a(vector2.o)

.bss%z115       0x00000000        0x0
 .bss           0x00000000        0x0 c:/xc32/xc32_v2.05/v2.05/bin/bin/../../lib/gcc/pic32mx/4.8.3/../../../../pic32mx/lib/mips16\libpic32.a(vector1.o)

.data%z116      0x00000000        0x0
 .data          0x00000000        0x0 c:/xc32/xc32_v2.05/v2.05/bin/bin/../../lib/gcc/pic32mx/4.8.3/../../../../pic32mx/lib/mips16\libpic32.a(vector1.o)

.bss%z117       0x00000000        0x0
 .bss           0x00000000        0x0 c:/xc32/xc32_v2.05/v2.05/bin/bin/../../lib/gcc/pic32mx/4.8.3/../../../../pic32mx/lib/mips16\libpic32.a(vector0.o)

.data%z118      0x00000000        0x0
 .data          0x00000000        0x0 c:/xc32/xc32_v2.05/v2.05/bin/bin/../../lib/gcc/pic32mx/4.8.3/../../../../pic32mx/lib/mips16\libpic32.a(vector0.o)

.bss%z119       0x00000000        0x0
 .bss           0x00000000        0x0 c:/xc32/xc32_v2.05/v2.05/bin/bin/../../lib/gcc/pic32mx/4.8.3/../../../../pic32mx/lib/mips16\libpic32.a(general-exception.o)

.data%z120      0x00000000        0x0
 .data          0x00000000        0x0 c:/xc32/xc32_v2.05/v2.05/bin/bin/../../lib/gcc/pic32mx/4.8.3/../../../../pic32mx/lib/mips16\libpic32.a(general-exception.o)

.bss%z121       0x00000000        0x0
 .bss           0x00000000        0x0 c:/xc32/xc32_v2.05/v2.05/bin/bin/../../lib/gcc/pic32mx/4.8.3/../../../../pic32mx/lib/mips16\libpic32.a(default-nmi-handler.o)

.data%z122      0x00000000        0x0
 .data          0x00000000        0x0 c:/xc32/xc32_v2.05/v2.05/bin/bin/../../lib/gcc/pic32mx/4.8.3/../../../../pic32mx/lib/mips16\libpic32.a(default-nmi-handler.o)

.bss%z123       0x00000000        0x0
 .bss           0x00000000        0x0 c:/xc32/xc32_v2.05/v2.05/bin/bin/../../lib/gcc/pic32mx/4.8.3/../../../../pic32mx/lib/mips16\libpic32.a(default-on-bootstrap.o)

.data%z124      0x00000000        0x0
 .data          0x00000000        0x0 c:/xc32/xc32_v2.05/v2.05/bin/bin/../../lib/gcc/pic32mx/4.8.3/../../../../pic32mx/lib/mips16\libpic32.a(default-on-bootstrap.o)

.bss%z125       0x00000000        0x0
 .bss           0x00000000        0x0 c:/xc32/xc32_v2.05/v2.05/bin/bin/../../lib/gcc/pic32mx/4.8.3/../../../../pic32mx/lib/mips16\libpic32.a(default-on-reset.o)

.data%z126      0x00000000        0x0
 .data          0x00000000        0x0 c:/xc32/xc32_v2.05/v2.05/bin/bin/../../lib/gcc/pic32mx/4.8.3/../../../../pic32mx/lib/mips16\libpic32.a(default-on-reset.o)

.bss%z127       0x00000000        0x0
 .bss           0x00000000        0x0 c:/xc32/xc32_v2.05/v2.05/bin/bin/../../lib/gcc/pic32mx/4.8.3/../../../../pic32mx/lib/mips16\libpic32.a(default-bootstrap-exception-handler.o)

.data%z128      0x00000000        0x0
 .data          0x00000000        0x0 c:/xc32/xc32_v2.05/v2.05/bin/bin/../../lib/gcc/pic32mx/4.8.3/../../../../pic32mx/lib/mips16\libpic32.a(default-bootstrap-exception-handler.o)

.bss%z129       0x00000000        0x0
 .bss           0x00000000        0x0 c:/xc32/xc32_v2.05/v2.05/bin/bin/../../lib/gcc/pic32mx/4.8.3/../../../../pic32mx/lib/mips16\libpic32.a(strlen.o)

.data%z130      0x00000000        0x0
 .data          0x00000000        0x0 c:/xc32/xc32_v2.05/v2.05/bin/bin/../../lib/gcc/pic32mx/4.8.3/../../../../pic32mx/lib/mips16\libpic32.a(strlen.o)

.bss%z131       0x00000000        0x0
 .bss           0x00000000        0x0 c:/xc32/xc32_v2.05/v2.05/bin/bin/../../lib/gcc/pic32mx/4.8.3/../../../../pic32mx/lib/./proc/32MX130F064B\processor.o

.data%z132      0x00000000        0x0
 .data          0x00000000        0x0 c:/xc32/xc32_v2.05/v2.05/bin/bin/../../lib/gcc/pic32mx/4.8.3/../../../../pic32mx/lib/./proc/32MX130F064B\processor.o

.bss%z133       0x00000000        0x0
 .bss           0x00000000        0x0 c:/xc32/xc32_v2.05/v2.05/bin/bin/../../lib/gcc/pic32mx/4.8.3/../../../../pic32mx/lib/mips16\pic32_software_reset.o

.data%z134      0x00000000        0x0
 .data          0x00000000        0x0 c:/xc32/xc32_v2.05/v2.05/bin/bin/../../lib/gcc/pic32mx/4.8.3/../../../../pic32mx/lib/mips16\pic32_software_reset.o

.bss%z135       0x00000000        0x0
 .bss           0x00000000        0x0 c:/xc32/xc32_v2.05/v2.05/bin/bin/../../lib/gcc/pic32mx/4.8.3/../../../../pic32mx/lib/./proc/32MX130F064B\default_isr_vectors.o

.data%z136      0x00000000        0x0
 .data          0x00000000        0x0 c:/xc32/xc32_v2.05/v2.05/bin/bin/../../lib/gcc/pic32mx/4.8.3/../../../../pic32mx/lib/./proc/32MX130F064B\default_isr_vectors.o

.bss%z137       0x00000000        0x0
 .bss           0x00000000        0x0 lcd.o

.data%z138      0x00000000        0x0
 .data          0x00000000        0x0 lcd.o

.bss%z139       0x00000000        0x0
 .bss           0x00000000        0x0 controller.o

.bss%z140       0x00000000        0x0
 .bss           0x00000000        0x0 c:/xc32/xc32_v2.05/v2.05/bin/bin/../../lib/gcc/pic32mx/4.8.3/../../../../pic32mx/lib/mips16\debug-exception-return.o

.data%z141      0x00000000        0x0
 .data          0x00000000        0x0 c:/xc32/xc32_v2.05/v2.05/bin/bin/../../lib/gcc/pic32mx/4.8.3/../../../../pic32mx/lib/mips16\debug-exception-return.o

.bss%z142       0x00000000        0x0
 .bss           0x00000000        0x0 c:/xc32/xc32_v2.05/v2.05/bin/bin/../../lib/gcc/pic32mx/4.8.3/../../../../pic32mx/lib/./proc/32MX130F064B/crt0_mips32r2.o

.data%z143      0x00000000        0x0
 .data          0x00000000        0x0 c:/xc32/xc32_v2.05/v2.05/bin/bin/../../lib/gcc/pic32mx/4.8.3/../../../../pic32mx/lib/./proc/32MX130F064B/crt0_mips32r2.o

._debug_exception
                0xbfc00480       0x2c
 ._debug_exception
                0xbfc00480       0x2c c:/xc32/xc32_v2.05/v2.05/bin/bin/../../lib/gcc/pic32mx/4.8.3/../../../../pic32mx/lib/mips16\debug-exception-return.o
                0xbfc00480                __DbgExecReturn

.text           0x9d000000      0xf5c
 .text          0x9d000000      0xf5c controller.o
                0x9d000000                Timer1_Handler
                0x9d0000b5                SetupTimer1
                0x9d00017d                wait_1ms
                0x9d0001c1                waitms
                0x9d0001dd                GetPeriod
                0x9d000321                UART2Configure
                0x9d000399                uart_puts
                0x9d0003c9                PrintNumber
                0x9d000449                ADCConf
                0x9d00048d                ADCRead
                0x9d0004d9                ConfigurePins
                0x9d000595                PrintFixedPoint
                0x9d0005f9                _mon_getc
                0x9d000671                UART1Configure
                0x9d000749                putc1
                0x9d000775                SerialTransmit1
                0x9d0007cd                SerialReceive1
                0x9d000829                delayus
                0x9d0008c5                SerialReceive1_timeout
                0x9d000945                delayms
                0x9d000961                ClearFIFO
                0x9d000991                SendATCommand
                0x9d000a05                ReceptionOff
                0x9d000a51                communicateWithSlave_test
                0x9d000b61                sendDataToSlave_listen
                0x9d000c25                sendDataToSlave
                0x9d000c4d                main

.text._do_print_cdnopsuxX
                0x9d000f5c      0x6fc
 .text._do_print_cdnopsuxX
                0x9d000f5c      0x6fc c:/xc32/xc32_v2.05/v2.05/bin/bin/../../lib/gcc/pic32mx/4.8.3/../../../../pic32mx/lib/mips16\liblega-c.a(_doprnt_cdnopsuxX.eo)
                0x9d000f5d                _do_print_cdnopsuxX
                0x9d000f5d                _do_print_cdnopuxX
                0x9d000f5d                _do_print_0
                0x9d000f5d                _do_print_s

.text           0x9d001658      0x784
 .text          0x9d001658      0x3cc lcd.o
                0x9d001659                Timer4us
                0x9d001725                LCD_pulse
                0x9d001751                LCD_byte
                0x9d00189d                WriteData
                0x9d0018c9                WriteCommand
                0x9d0018f5                LCD_4BIT
                0x9d0019b5                LCDprint
 .text          0x9d001a24      0x3b8 c:/xc32/xc32_v2.05/v2.05/bin/bin/../../lib/gcc/pic32mx/4.8.3/mips16\libgcc.a(_udivdi3.o)
                0x9d001a25                __udivdi3

.text           0x9d001ddc      0x4c4
 .text          0x9d001ddc      0x35c c:/xc32/xc32_v2.05/v2.05/bin/bin/../../lib/gcc/pic32mx/4.8.3/mips16\libgcc.a(_umoddi3.o)
                0x9d001ddd                __umoddi3
 .text          0x9d002138      0x168 c:/xc32/xc32_v2.05/v2.05/bin/bin/../../lib/gcc/pic32mx/4.8.3/../../../../pic32mx/lib/mips16\libpic32.a(strlen.o)
                0x9d002138                strlen

.dinit          0x9d0022a0      0x160
 .dinit         0x9d0022a0      0x160 data_init

.rodata         0x9d002400      0x248
 .rodata        0x9d002400      0x148 controller.o
 .rodata        0x9d002548      0x100 c:/xc32/xc32_v2.05/v2.05/bin/bin/../../lib/gcc/pic32mx/4.8.3/mips16\libgcc.a(_clz.o)
                0x9d002548                __clz_tab

.text.general_exception
                0x9d002648       0xdc
 .text.general_exception
                0x9d002648       0xdc c:/xc32/xc32_v2.05/v2.05/bin/bin/../../lib/gcc/pic32mx/4.8.3/../../../../pic32mx/lib/mips16\libpic32.a(general-exception.o)
                0x9d002648                _general_exception_context

.text._mon_putc
                0x9d002724       0x78
 .text._mon_putc
                0x9d002724       0x78 c:/xc32/xc32_v2.05/v2.05/bin/bin/../../lib/gcc/pic32mx/4.8.3/../../../../pic32mx/lib/mips16\libpic32.a(_mon_putc.o)
                0x9d002725                _mon_putc

.text._outcnvrt
                0x9d00279c       0x78
 .text._outcnvrt
                0x9d00279c       0x78 c:/xc32/xc32_v2.05/v2.05/bin/bin/../../lib/gcc/pic32mx/4.8.3/../../../../pic32mx/lib/mips16\liblega-c.a(_doprnt_cdnopsuxX.eo)

.text._flsbuf_simple
                0x9d002814       0x74
 .text._flsbuf_simple
                0x9d002814       0x74 c:/xc32/xc32_v2.05/v2.05/bin/bin/../../lib/gcc/pic32mx/4.8.3/../../../../pic32mx/lib/mips16\liblega-c.a(_iobfuncs.o)
                0x9d002815                _flsbuf_simple

.text.main_entry
                0x9d002888       0x54
 .text.main_entry
                0x9d002888       0x54 c:/xc32/xc32_v2.05/v2.05/bin/bin/../../lib/gcc/pic32mx/4.8.3/../../../../pic32mx/lib/./proc/32MX130F064B/crt0_mips32r2.o
                0x9d0028bc                __crt0_exit

.text.fputc     0x9d0028dc       0x4c
 .text.fputc    0x9d0028dc       0x4c c:/xc32/xc32_v2.05/v2.05/bin/bin/../../lib/gcc/pic32mx/4.8.3/../../../../pic32mx/lib/mips16\liblega-c.a(fputc.o)
                0x9d0028dd                fputc

.text._bootstrap_exception_handler
                0x9d002928       0x48
 .text._bootstrap_exception_handler
                0x9d002928       0x48 c:/xc32/xc32_v2.05/v2.05/bin/bin/../../lib/gcc/pic32mx/4.8.3/../../../../pic32mx/lib/mips16\libpic32.a(default-bootstrap-exception-handler.o)
                0x9d002928                _bootstrap_exception_handler

.text._general_exception_handler
                0x9d002970       0x48
 .text._general_exception_handler